Archive member included to satisfy reference by file (symbol)

/usr/lib/gcc/avr/9.2.0/avr5/libgcc.a(_mulsi3.o)
                              lib/pirc_lcd/XPT2046.o (__mulsi3)
/usr/lib/gcc/avr/9.2.0/avr5/libgcc.a(_divmodsi4.o)
                              lib/pirc_lcd/XPT2046.o (__divmodsi4)
/usr/lib/gcc/avr/9.2.0/avr5/libgcc.a(_negsi2.o)
                              /usr/lib/gcc/avr/9.2.0/avr5/libgcc.a(_divmodsi4.o) (__negsi2)
/usr/lib/gcc/avr/9.2.0/avr5/libgcc.a(_exit.o)
                              /usr/lib/gcc/avr/9.2.0/../../../../avr/lib/avr5/crtatmega328pb.o (exit)
/usr/lib/gcc/avr/9.2.0/avr5/libgcc.a(_copy_data.o)
                              test5.o (__do_copy_data)
/usr/lib/gcc/avr/9.2.0/avr5/libgcc.a(_clear_bss.o)
                              main.o (__do_clear_bss)
/usr/lib/gcc/avr/9.2.0/avr5/libgcc.a(_muluhisi3.o)
                              /usr/lib/gcc/avr/9.2.0/avr5/libgcc.a(_mulsi3.o) (__muluhisi3)
/usr/lib/gcc/avr/9.2.0/avr5/libgcc.a(_udivmodsi4.o)
                              /usr/lib/gcc/avr/9.2.0/avr5/libgcc.a(_divmodsi4.o) (__udivmodsi4)
/usr/lib/gcc/avr/9.2.0/avr5/libgcc.a(_umulhisi3.o)
                              /usr/lib/gcc/avr/9.2.0/avr5/libgcc.a(_muluhisi3.o) (__umulhisi3)
/usr/lib/gcc/avr/9.2.0/../../../../avr/lib/avr5/libc.a(iob.o)
                              test5.o (__iob)
/usr/lib/gcc/avr/9.2.0/../../../../avr/lib/avr5/libc.a(printf.o)
                              test5.o (printf)
/usr/lib/gcc/avr/9.2.0/../../../../avr/lib/avr5/libc.a(puts.o)
                              test5.o (puts)
/usr/lib/gcc/avr/9.2.0/../../../../avr/lib/avr5/libc.a(vfprintf_std.o)
                              /usr/lib/gcc/avr/9.2.0/../../../../avr/lib/avr5/libc.a(printf.o) (vfprintf)
/usr/lib/gcc/avr/9.2.0/../../../../avr/lib/avr5/libc.a(strnlen_P.o)
                              /usr/lib/gcc/avr/9.2.0/../../../../avr/lib/avr5/libc.a(vfprintf_std.o) (strnlen_P)
/usr/lib/gcc/avr/9.2.0/../../../../avr/lib/avr5/libc.a(strnlen.o)
                              /usr/lib/gcc/avr/9.2.0/../../../../avr/lib/avr5/libc.a(vfprintf_std.o) (strnlen)
/usr/lib/gcc/avr/9.2.0/../../../../avr/lib/avr5/libc.a(fputc.o)
                              /usr/lib/gcc/avr/9.2.0/../../../../avr/lib/avr5/libc.a(vfprintf_std.o) (fputc)
/usr/lib/gcc/avr/9.2.0/../../../../avr/lib/avr5/libc.a(ultoa_invert.o)
                              /usr/lib/gcc/avr/9.2.0/../../../../avr/lib/avr5/libc.a(vfprintf_std.o) (__ultoa_invert)
/usr/lib/gcc/avr/9.2.0/avr5/libgcc.a(_prologue.o)
                              /usr/lib/gcc/avr/9.2.0/../../../../avr/lib/avr5/libc.a(printf.o) (__prologue_saves__)
/usr/lib/gcc/avr/9.2.0/avr5/libgcc.a(_epilogue.o)
                              /usr/lib/gcc/avr/9.2.0/../../../../avr/lib/avr5/libc.a(printf.o) (__epilogue_restores__)

Allocating common symbols
Common symbol       size              file

_rot                0x1               lib/pirc_lcd/XPT2046.o
_irq_pin            0x1               lib/pirc_lcd/XPT2046.o
ILI9341_rotation    0x1               lib/pirc_lcd/LCD_Ili9341.o
_cal_dy             0x4               lib/pirc_lcd/XPT2046.o
gui                 0x43              lib/pirc_lcd/LCD_Ili9341.o
_cal_vj1            0x2               lib/pirc_lcd/XPT2046.o
_cal_dvi            0x4               lib/pirc_lcd/XPT2046.o
_cs_pin             0x1               lib/pirc_lcd/XPT2046.o
_width              0x2               lib/pirc_lcd/XPT2046.o
_cal_vi1            0x2               lib/pirc_lcd/XPT2046.o
_cal_dvj            0x4               lib/pirc_lcd/XPT2046.o
_height             0x2               lib/pirc_lcd/XPT2046.o
_cal_dx             0x4               lib/pirc_lcd/XPT2046.o
__iob               0x6               /usr/lib/gcc/avr/9.2.0/../../../../avr/lib/avr5/libc.a(iob.o)

Discarded input sections

 .data          0x0000000000000000        0x0 /usr/lib/gcc/avr/9.2.0/../../../../avr/lib/avr5/crtatmega328pb.o
 .bss           0x0000000000000000        0x0 /usr/lib/gcc/avr/9.2.0/../../../../avr/lib/avr5/crtatmega328pb.o
 .debug_abbrev  0x0000000000000000      0x86e /usr/lib/gcc/avr/9.2.0/../../../../avr/lib/avr5/crtatmega328pb.o
 .debug_info    0x0000000000000000      0x8ea /usr/lib/gcc/avr/9.2.0/../../../../avr/lib/avr5/crtatmega328pb.o
 .debug_line    0x0000000000000000      0x1a5 /usr/lib/gcc/avr/9.2.0/../../../../avr/lib/avr5/crtatmega328pb.o
 .debug_str     0x0000000000000000      0x318 /usr/lib/gcc/avr/9.2.0/../../../../avr/lib/avr5/crtatmega328pb.o
 .bss           0x0000000000000000        0x0 test5.o
 .debug_info    0x0000000000000000     0x1121 test5.o
 .debug_abbrev  0x0000000000000000      0x2d0 test5.o
 .debug_loc     0x0000000000000000      0x1dc test5.o
 .debug_aranges
                0x0000000000000000       0x28 test5.o
 .debug_ranges  0x0000000000000000       0x18 test5.o
 .debug_line    0x0000000000000000      0x3ba test5.o
 .debug_str     0x0000000000000000      0x70c test5.o
 .debug_frame   0x0000000000000000       0x84 test5.o
 .data          0x0000000000000000       0x1c test2.o
 .bss           0x0000000000000000        0x0 test2.o
 .text.startup  0x0000000000000000       0xc4 test2.o
 .debug_info    0x0000000000000000      0x362 test2.o
 .debug_abbrev  0x0000000000000000      0x1c8 test2.o
 .debug_loc     0x0000000000000000      0x1c3 test2.o
 .debug_aranges
                0x0000000000000000       0x28 test2.o
 .debug_ranges  0x0000000000000000       0x48 test2.o
 .debug_line    0x0000000000000000      0x22c test2.o
 .debug_str     0x0000000000000000      0x1ee test2.o
 .debug_frame   0x0000000000000000       0xf4 test2.o
 .text          0x0000000000000000        0x0 test4.o
 .data          0x0000000000000000       0x1c test4.o
 .bss           0x0000000000000000        0x0 test4.o
 .rodata.str1.1
                0x0000000000000000        0xe test4.o
 .text.startup  0x0000000000000000        0xe test4.o
 .debug_info    0x0000000000000000      0x1e7 test4.o
 .debug_abbrev  0x0000000000000000      0x159 test4.o
 .debug_aranges
                0x0000000000000000       0x20 test4.o
 .debug_ranges  0x0000000000000000       0x10 test4.o
 .debug_line    0x0000000000000000       0xa6 test4.o
 .debug_str     0x0000000000000000      0x194 test4.o
 .comment       0x0000000000000000       0x12 test4.o
 .debug_frame   0x0000000000000000       0x24 test4.o
 .text          0x0000000000000000        0x0 test.o
 .data          0x0000000000000000        0x0 test.o
 .bss           0x0000000000000000        0x0 test.o
 .text.startup  0x0000000000000000       0x88 test.o
 .debug_info    0x0000000000000000       0xdf test.o
 .debug_abbrev  0x0000000000000000       0xb7 test.o
 .debug_loc     0x0000000000000000       0x2d test.o
 .debug_aranges
                0x0000000000000000       0x20 test.o
 .debug_ranges  0x0000000000000000       0x28 test.o
 .debug_line    0x0000000000000000      0x128 test.o
 .debug_str     0x0000000000000000       0xe8 test.o
 .comment       0x0000000000000000       0x12 test.o
 .debug_frame   0x0000000000000000       0x2c test.o
 .text          0x0000000000000000       0xb2 test3.o
 .data          0x0000000000000000       0x1c test3.o
 .bss           0x0000000000000000        0x0 test3.o
 .text.startup  0x0000000000000000       0xd4 test3.o
 .rodata.str1.1
                0x0000000000000000        0xb test3.o
 .debug_info    0x0000000000000000      0x3b8 test3.o
 .debug_abbrev  0x0000000000000000      0x1cc test3.o
 .debug_loc     0x0000000000000000      0x1c3 test3.o
 .debug_aranges
                0x0000000000000000       0x28 test3.o
 .debug_ranges  0x0000000000000000       0x78 test3.o
 .debug_line    0x0000000000000000      0x25d test3.o
 .debug_str     0x0000000000000000      0x21a test3.o
 .comment       0x0000000000000000       0x12 test3.o
 .debug_frame   0x0000000000000000       0xf4 test3.o
 .text          0x0000000000000000       0xc8 main.o
 .data          0x0000000000000000       0x1c main.o
 .bss           0x0000000000000000        0x4 main.o
 .rodata.str1.1
                0x0000000000000000        0xe main.o
 .text.startup  0x0000000000000000        0x6 main.o
 .debug_info    0x0000000000000000      0xc5e main.o
 .debug_abbrev  0x0000000000000000      0x2a0 main.o
 .debug_loc     0x0000000000000000      0x2d0 main.o
 .debug_aranges
                0x0000000000000000       0x28 main.o
 .debug_ranges  0x0000000000000000       0x18 main.o
 .debug_line    0x0000000000000000      0x292 main.o
 .debug_str     0x0000000000000000      0x532 main.o
 .comment       0x0000000000000000       0x12 main.o
 .debug_frame   0x0000000000000000       0x9c main.o
 .text          0x0000000000000000       0x98 test1.o
 .data          0x0000000000000000        0x0 test1.o
 .bss           0x0000000000000000        0x0 test1.o
 .text.startup  0x0000000000000000       0xa8 test1.o
 .debug_info    0x0000000000000000      0x1c7 test1.o
 .debug_abbrev  0x0000000000000000       0xd3 test1.o
 .debug_loc     0x0000000000000000      0x1c3 test1.o
 .debug_aranges
                0x0000000000000000       0x28 test1.o
 .debug_ranges  0x0000000000000000       0x30 test1.o
 .debug_line    0x0000000000000000      0x190 test1.o
 .debug_str     0x0000000000000000      0x179 test1.o
 .comment       0x0000000000000000       0x12 test1.o
 .debug_frame   0x0000000000000000       0xf4 test1.o
 .data          0x0000000000000000        0x0 lib/uart.o
 .bss           0x0000000000000000        0x0 lib/uart.o
 .debug_info    0x0000000000000000      0x21c lib/uart.o
 .debug_abbrev  0x0000000000000000      0x173 lib/uart.o
 .debug_loc     0x0000000000000000       0x94 lib/uart.o
 .debug_aranges
                0x0000000000000000       0x20 lib/uart.o
 .debug_line    0x0000000000000000      0x17a lib/uart.o
 .debug_str     0x0000000000000000      0x191 lib/uart.o
 .debug_frame   0x0000000000000000       0x4c lib/uart.o
 .text          0x0000000000000000       0x2a lib/spi.o
 .data          0x0000000000000000        0x0 lib/spi.o
 .bss           0x0000000000000000        0x0 lib/spi.o
 .debug_info    0x0000000000000000       0xe9 lib/spi.o
 .debug_abbrev  0x0000000000000000       0xb1 lib/spi.o
 .debug_loc     0x0000000000000000       0x46 lib/spi.o
 .debug_aranges
                0x0000000000000000       0x20 lib/spi.o
 .debug_line    0x0000000000000000      0x156 lib/spi.o
 .debug_str     0x0000000000000000      0x172 lib/spi.o
 .comment       0x0000000000000000       0x12 lib/spi.o
 .debug_frame   0x0000000000000000       0x44 lib/spi.o
 .text          0x0000000000000000       0x3a lib/io_interrupt.o
 .data          0x0000000000000000        0x0 lib/io_interrupt.o
 .bss           0x0000000000000000        0x0 lib/io_interrupt.o
 .debug_info    0x0000000000000000       0xc6 lib/io_interrupt.o
 .debug_abbrev  0x0000000000000000       0x83 lib/io_interrupt.o
 .debug_loc     0x0000000000000000       0x58 lib/io_interrupt.o
 .debug_aranges
                0x0000000000000000       0x20 lib/io_interrupt.o
 .debug_line    0x0000000000000000      0x10b lib/io_interrupt.o
 .debug_str     0x0000000000000000      0x175 lib/io_interrupt.o
 .comment       0x0000000000000000       0x12 lib/io_interrupt.o
 .debug_frame   0x0000000000000000       0x34 lib/io_interrupt.o
 .data          0x0000000000000000        0x0 lib/gpio.o
 .bss           0x0000000000000000        0x0 lib/gpio.o
 .debug_info    0x0000000000000000       0xf9 lib/gpio.o
 .debug_abbrev  0x0000000000000000       0xb0 lib/gpio.o
 .debug_loc     0x0000000000000000       0x47 lib/gpio.o
 .debug_aranges
                0x0000000000000000       0x20 lib/gpio.o
 .debug_line    0x0000000000000000      0x13d lib/gpio.o
 .debug_str     0x0000000000000000      0x159 lib/gpio.o
 .debug_frame   0x0000000000000000       0x44 lib/gpio.o
 .data          0x0000000000000000        0x0 lib/delay.o
 .bss           0x0000000000000000        0x0 lib/delay.o
 .debug_info    0x0000000000000000       0xa3 lib/delay.o
 .debug_abbrev  0x0000000000000000       0x6b lib/delay.o
 .debug_loc     0x0000000000000000       0x22 lib/delay.o
 .debug_aranges
                0x0000000000000000       0x20 lib/delay.o
 .debug_line    0x0000000000000000       0xe6 lib/delay.o
 .debug_str     0x0000000000000000      0x150 lib/delay.o
 .debug_frame   0x0000000000000000       0x3c lib/delay.o
 .bss           0x0000000000000000        0x0 lib/pirc_lcd/LCD_Ili9341.o
 .debug_info    0x0000000000000000     0x16f9 lib/pirc_lcd/LCD_Ili9341.o
 .debug_abbrev  0x0000000000000000      0x42a lib/pirc_lcd/LCD_Ili9341.o
 .debug_loc     0x0000000000000000      0xd99 lib/pirc_lcd/LCD_Ili9341.o
 .debug_aranges
                0x0000000000000000       0x20 lib/pirc_lcd/LCD_Ili9341.o
 .debug_ranges  0x0000000000000000       0x20 lib/pirc_lcd/LCD_Ili9341.o
 .debug_line    0x0000000000000000      0xc14 lib/pirc_lcd/LCD_Ili9341.o
 .debug_str     0x0000000000000000      0x660 lib/pirc_lcd/LCD_Ili9341.o
 .debug_frame   0x0000000000000000      0x254 lib/pirc_lcd/LCD_Ili9341.o
 .data          0x0000000000000000        0x0 lib/pirc_lcd/ugui.o
 .debug_info    0x0000000000000000     0x7a1b lib/pirc_lcd/ugui.o
 .debug_abbrev  0x0000000000000000      0x39e lib/pirc_lcd/ugui.o
 .debug_loc     0x0000000000000000     0xb55f lib/pirc_lcd/ugui.o
 .debug_aranges
                0x0000000000000000       0x20 lib/pirc_lcd/ugui.o
 .debug_line    0x0000000000000000     0x9b7c lib/pirc_lcd/ugui.o
 .debug_str     0x0000000000000000     0x11f1 lib/pirc_lcd/ugui.o
 .debug_frame   0x0000000000000000     0x1620 lib/pirc_lcd/ugui.o
 .bss           0x0000000000000000        0x0 lib/pirc_lcd/XPT2046.o
 .debug_info    0x0000000000000000      0x8ca lib/pirc_lcd/XPT2046.o
 .debug_abbrev  0x0000000000000000      0x2ef lib/pirc_lcd/XPT2046.o
 .debug_loc     0x0000000000000000      0x8f2 lib/pirc_lcd/XPT2046.o
 .debug_aranges
                0x0000000000000000       0x20 lib/pirc_lcd/XPT2046.o
 .debug_line    0x0000000000000000      0x98d lib/pirc_lcd/XPT2046.o
 .debug_str     0x0000000000000000      0x348 lib/pirc_lcd/XPT2046.o
 .debug_frame   0x0000000000000000      0x178 lib/pirc_lcd/XPT2046.o
 .text          0x0000000000000000        0x0 /usr/lib/gcc/avr/9.2.0/avr5/libgcc.a(_mulsi3.o)
 .data          0x0000000000000000        0x0 /usr/lib/gcc/avr/9.2.0/avr5/libgcc.a(_mulsi3.o)
 .bss           0x0000000000000000        0x0 /usr/lib/gcc/avr/9.2.0/avr5/libgcc.a(_mulsi3.o)
 .text.libgcc.div
                0x0000000000000000        0x0 /usr/lib/gcc/avr/9.2.0/avr5/libgcc.a(_mulsi3.o)
 .text.libgcc   0x0000000000000000        0x0 /usr/lib/gcc/avr/9.2.0/avr5/libgcc.a(_mulsi3.o)
 .text.libgcc.prologue
                0x0000000000000000        0x0 /usr/lib/gcc/avr/9.2.0/avr5/libgcc.a(_mulsi3.o)
 .text.libgcc.builtins
                0x0000000000000000        0x0 /usr/lib/gcc/avr/9.2.0/avr5/libgcc.a(_mulsi3.o)
 .text.libgcc.fmul
                0x0000000000000000        0x0 /usr/lib/gcc/avr/9.2.0/avr5/libgcc.a(_mulsi3.o)
 .text.libgcc.fixed
                0x0000000000000000        0x0 /usr/lib/gcc/avr/9.2.0/avr5/libgcc.a(_mulsi3.o)
 .text          0x0000000000000000        0x0 /usr/lib/gcc/avr/9.2.0/avr5/libgcc.a(_divmodsi4.o)
 .data          0x0000000000000000        0x0 /usr/lib/gcc/avr/9.2.0/avr5/libgcc.a(_divmodsi4.o)
 .bss           0x0000000000000000        0x0 /usr/lib/gcc/avr/9.2.0/avr5/libgcc.a(_divmodsi4.o)
 .text.libgcc.mul
                0x0000000000000000        0x0 /usr/lib/gcc/avr/9.2.0/avr5/libgcc.a(_divmodsi4.o)
 .text.libgcc   0x0000000000000000        0x0 /usr/lib/gcc/avr/9.2.0/avr5/libgcc.a(_divmodsi4.o)
 .text.libgcc.prologue
                0x0000000000000000        0x0 /usr/lib/gcc/avr/9.2.0/avr5/libgcc.a(_divmodsi4.o)
 .text.libgcc.builtins
                0x0000000000000000        0x0 /usr/lib/gcc/avr/9.2.0/avr5/libgcc.a(_divmodsi4.o)
 .text.libgcc.fmul
                0x0000000000000000        0x0 /usr/lib/gcc/avr/9.2.0/avr5/libgcc.a(_divmodsi4.o)
 .text.libgcc.fixed
                0x0000000000000000        0x0 /usr/lib/gcc/avr/9.2.0/avr5/libgcc.a(_divmodsi4.o)
 .text          0x0000000000000000        0x0 /usr/lib/gcc/avr/9.2.0/avr5/libgcc.a(_negsi2.o)
 .data          0x0000000000000000        0x0 /usr/lib/gcc/avr/9.2.0/avr5/libgcc.a(_negsi2.o)
 .bss           0x0000000000000000        0x0 /usr/lib/gcc/avr/9.2.0/avr5/libgcc.a(_negsi2.o)
 .text.libgcc.mul
                0x0000000000000000        0x0 /usr/lib/gcc/avr/9.2.0/avr5/libgcc.a(_negsi2.o)
 .text.libgcc   0x0000000000000000        0x0 /usr/lib/gcc/avr/9.2.0/avr5/libgcc.a(_negsi2.o)
 .text.libgcc.prologue
                0x0000000000000000        0x0 /usr/lib/gcc/avr/9.2.0/avr5/libgcc.a(_negsi2.o)
 .text.libgcc.builtins
                0x0000000000000000        0x0 /usr/lib/gcc/avr/9.2.0/avr5/libgcc.a(_negsi2.o)
 .text.libgcc.fmul
                0x0000000000000000        0x0 /usr/lib/gcc/avr/9.2.0/avr5/libgcc.a(_negsi2.o)
 .text.libgcc.fixed
                0x0000000000000000        0x0 /usr/lib/gcc/avr/9.2.0/avr5/libgcc.a(_negsi2.o)
 .text          0x0000000000000000        0x0 /usr/lib/gcc/avr/9.2.0/avr5/libgcc.a(_exit.o)
 .data          0x0000000000000000        0x0 /usr/lib/gcc/avr/9.2.0/avr5/libgcc.a(_exit.o)
 .bss           0x0000000000000000        0x0 /usr/lib/gcc/avr/9.2.0/avr5/libgcc.a(_exit.o)
 .text.libgcc.mul
                0x0000000000000000        0x0 /usr/lib/gcc/avr/9.2.0/avr5/libgcc.a(_exit.o)
 .text.libgcc.div
                0x0000000000000000        0x0 /usr/lib/gcc/avr/9.2.0/avr5/libgcc.a(_exit.o)
 .text.libgcc   0x0000000000000000        0x0 /usr/lib/gcc/avr/9.2.0/avr5/libgcc.a(_exit.o)
 .text.libgcc.prologue
                0x0000000000000000        0x0 /usr/lib/gcc/avr/9.2.0/avr5/libgcc.a(_exit.o)
 .text.libgcc.builtins
                0x0000000000000000        0x0 /usr/lib/gcc/avr/9.2.0/avr5/libgcc.a(_exit.o)
 .text.libgcc.fmul
                0x0000000000000000        0x0 /usr/lib/gcc/avr/9.2.0/avr5/libgcc.a(_exit.o)
 .text.libgcc.fixed
                0x0000000000000000        0x0 /usr/lib/gcc/avr/9.2.0/avr5/libgcc.a(_exit.o)
 .text          0x0000000000000000        0x0 /usr/lib/gcc/avr/9.2.0/avr5/libgcc.a(_copy_data.o)
 .data          0x0000000000000000        0x0 /usr/lib/gcc/avr/9.2.0/avr5/libgcc.a(_copy_data.o)
 .bss           0x0000000000000000        0x0 /usr/lib/gcc/avr/9.2.0/avr5/libgcc.a(_copy_data.o)
 .text.libgcc.mul
                0x0000000000000000        0x0 /usr/lib/gcc/avr/9.2.0/avr5/libgcc.a(_copy_data.o)
 .text.libgcc.div
                0x0000000000000000        0x0 /usr/lib/gcc/avr/9.2.0/avr5/libgcc.a(_copy_data.o)
 .text.libgcc   0x0000000000000000        0x0 /usr/lib/gcc/avr/9.2.0/avr5/libgcc.a(_copy_data.o)
 .text.libgcc.prologue
                0x0000000000000000        0x0 /usr/lib/gcc/avr/9.2.0/avr5/libgcc.a(_copy_data.o)
 .text.libgcc.builtins
                0x0000000000000000        0x0 /usr/lib/gcc/avr/9.2.0/avr5/libgcc.a(_copy_data.o)
 .text.libgcc.fmul
                0x0000000000000000        0x0 /usr/lib/gcc/avr/9.2.0/avr5/libgcc.a(_copy_data.o)
 .text.libgcc.fixed
                0x0000000000000000        0x0 /usr/lib/gcc/avr/9.2.0/avr5/libgcc.a(_copy_data.o)
 .text          0x0000000000000000        0x0 /usr/lib/gcc/avr/9.2.0/avr5/libgcc.a(_clear_bss.o)
 .data          0x0000000000000000        0x0 /usr/lib/gcc/avr/9.2.0/avr5/libgcc.a(_clear_bss.o)
 .bss           0x0000000000000000        0x0 /usr/lib/gcc/avr/9.2.0/avr5/libgcc.a(_clear_bss.o)
 .text.libgcc.mul
                0x0000000000000000        0x0 /usr/lib/gcc/avr/9.2.0/avr5/libgcc.a(_clear_bss.o)
 .text.libgcc.div
                0x0000000000000000        0x0 /usr/lib/gcc/avr/9.2.0/avr5/libgcc.a(_clear_bss.o)
 .text.libgcc   0x0000000000000000        0x0 /usr/lib/gcc/avr/9.2.0/avr5/libgcc.a(_clear_bss.o)
 .text.libgcc.prologue
                0x0000000000000000        0x0 /usr/lib/gcc/avr/9.2.0/avr5/libgcc.a(_clear_bss.o)
 .text.libgcc.builtins
                0x0000000000000000        0x0 /usr/lib/gcc/avr/9.2.0/avr5/libgcc.a(_clear_bss.o)
 .text.libgcc.fmul
                0x0000000000000000        0x0 /usr/lib/gcc/avr/9.2.0/avr5/libgcc.a(_clear_bss.o)
 .text.libgcc.fixed
                0x0000000000000000        0x0 /usr/lib/gcc/avr/9.2.0/avr5/libgcc.a(_clear_bss.o)
 .text          0x0000000000000000        0x0 /usr/lib/gcc/avr/9.2.0/avr5/libgcc.a(_muluhisi3.o)
 .data          0x0000000000000000        0x0 /usr/lib/gcc/avr/9.2.0/avr5/libgcc.a(_muluhisi3.o)
 .bss           0x0000000000000000        0x0 /usr/lib/gcc/avr/9.2.0/avr5/libgcc.a(_muluhisi3.o)
 .text.libgcc.div
                0x0000000000000000        0x0 /usr/lib/gcc/avr/9.2.0/avr5/libgcc.a(_muluhisi3.o)
 .text.libgcc   0x0000000000000000        0x0 /usr/lib/gcc/avr/9.2.0/avr5/libgcc.a(_muluhisi3.o)
 .text.libgcc.prologue
                0x0000000000000000        0x0 /usr/lib/gcc/avr/9.2.0/avr5/libgcc.a(_muluhisi3.o)
 .text.libgcc.builtins
                0x0000000000000000        0x0 /usr/lib/gcc/avr/9.2.0/avr5/libgcc.a(_muluhisi3.o)
 .text.libgcc.fmul
                0x0000000000000000        0x0 /usr/lib/gcc/avr/9.2.0/avr5/libgcc.a(_muluhisi3.o)
 .text.libgcc.fixed
                0x0000000000000000        0x0 /usr/lib/gcc/avr/9.2.0/avr5/libgcc.a(_muluhisi3.o)
 .text          0x0000000000000000        0x0 /usr/lib/gcc/avr/9.2.0/avr5/libgcc.a(_udivmodsi4.o)
 .data          0x0000000000000000        0x0 /usr/lib/gcc/avr/9.2.0/avr5/libgcc.a(_udivmodsi4.o)
 .bss           0x0000000000000000        0x0 /usr/lib/gcc/avr/9.2.0/avr5/libgcc.a(_udivmodsi4.o)
 .text.libgcc.mul
                0x0000000000000000        0x0 /usr/lib/gcc/avr/9.2.0/avr5/libgcc.a(_udivmodsi4.o)
 .text.libgcc   0x0000000000000000        0x0 /usr/lib/gcc/avr/9.2.0/avr5/libgcc.a(_udivmodsi4.o)
 .text.libgcc.prologue
                0x0000000000000000        0x0 /usr/lib/gcc/avr/9.2.0/avr5/libgcc.a(_udivmodsi4.o)
 .text.libgcc.builtins
                0x0000000000000000        0x0 /usr/lib/gcc/avr/9.2.0/avr5/libgcc.a(_udivmodsi4.o)
 .text.libgcc.fmul
                0x0000000000000000        0x0 /usr/lib/gcc/avr/9.2.0/avr5/libgcc.a(_udivmodsi4.o)
 .text.libgcc.fixed
                0x0000000000000000        0x0 /usr/lib/gcc/avr/9.2.0/avr5/libgcc.a(_udivmodsi4.o)
 .text          0x0000000000000000        0x0 /usr/lib/gcc/avr/9.2.0/avr5/libgcc.a(_umulhisi3.o)
 .data          0x0000000000000000        0x0 /usr/lib/gcc/avr/9.2.0/avr5/libgcc.a(_umulhisi3.o)
 .bss           0x0000000000000000        0x0 /usr/lib/gcc/avr/9.2.0/avr5/libgcc.a(_umulhisi3.o)
 .text.libgcc.div
                0x0000000000000000        0x0 /usr/lib/gcc/avr/9.2.0/avr5/libgcc.a(_umulhisi3.o)
 .text.libgcc   0x0000000000000000        0x0 /usr/lib/gcc/avr/9.2.0/avr5/libgcc.a(_umulhisi3.o)
 .text.libgcc.prologue
                0x0000000000000000        0x0 /usr/lib/gcc/avr/9.2.0/avr5/libgcc.a(_umulhisi3.o)
 .text.libgcc.builtins
                0x0000000000000000        0x0 /usr/lib/gcc/avr/9.2.0/avr5/libgcc.a(_umulhisi3.o)
 .text.libgcc.fmul
                0x0000000000000000        0x0 /usr/lib/gcc/avr/9.2.0/avr5/libgcc.a(_umulhisi3.o)
 .text.libgcc.fixed
                0x0000000000000000        0x0 /usr/lib/gcc/avr/9.2.0/avr5/libgcc.a(_umulhisi3.o)
 .text          0x0000000000000000        0x0 /usr/lib/gcc/avr/9.2.0/../../../../avr/lib/avr5/libc.a(iob.o)
 .data          0x0000000000000000        0x0 /usr/lib/gcc/avr/9.2.0/../../../../avr/lib/avr5/libc.a(iob.o)
 .bss           0x0000000000000000        0x0 /usr/lib/gcc/avr/9.2.0/../../../../avr/lib/avr5/libc.a(iob.o)
 .text          0x0000000000000000        0x0 /usr/lib/gcc/avr/9.2.0/../../../../avr/lib/avr5/libc.a(printf.o)
 .data          0x0000000000000000        0x0 /usr/lib/gcc/avr/9.2.0/../../../../avr/lib/avr5/libc.a(printf.o)
 .bss           0x0000000000000000        0x0 /usr/lib/gcc/avr/9.2.0/../../../../avr/lib/avr5/libc.a(printf.o)
 .text          0x0000000000000000        0x0 /usr/lib/gcc/avr/9.2.0/../../../../avr/lib/avr5/libc.a(puts.o)
 .data          0x0000000000000000        0x0 /usr/lib/gcc/avr/9.2.0/../../../../avr/lib/avr5/libc.a(puts.o)
 .bss           0x0000000000000000        0x0 /usr/lib/gcc/avr/9.2.0/../../../../avr/lib/avr5/libc.a(puts.o)
 .text          0x0000000000000000        0x0 /usr/lib/gcc/avr/9.2.0/../../../../avr/lib/avr5/libc.a(vfprintf_std.o)
 .data          0x0000000000000000        0x0 /usr/lib/gcc/avr/9.2.0/../../../../avr/lib/avr5/libc.a(vfprintf_std.o)
 .bss           0x0000000000000000        0x0 /usr/lib/gcc/avr/9.2.0/../../../../avr/lib/avr5/libc.a(vfprintf_std.o)
 .text          0x0000000000000000        0x0 /usr/lib/gcc/avr/9.2.0/../../../../avr/lib/avr5/libc.a(strnlen_P.o)
 .data          0x0000000000000000        0x0 /usr/lib/gcc/avr/9.2.0/../../../../avr/lib/avr5/libc.a(strnlen_P.o)
 .bss           0x0000000000000000        0x0 /usr/lib/gcc/avr/9.2.0/../../../../avr/lib/avr5/libc.a(strnlen_P.o)
 .text          0x0000000000000000        0x0 /usr/lib/gcc/avr/9.2.0/../../../../avr/lib/avr5/libc.a(strnlen.o)
 .data          0x0000000000000000        0x0 /usr/lib/gcc/avr/9.2.0/../../../../avr/lib/avr5/libc.a(strnlen.o)
 .bss           0x0000000000000000        0x0 /usr/lib/gcc/avr/9.2.0/../../../../avr/lib/avr5/libc.a(strnlen.o)
 .text          0x0000000000000000        0x0 /usr/lib/gcc/avr/9.2.0/../../../../avr/lib/avr5/libc.a(fputc.o)
 .data          0x0000000000000000        0x0 /usr/lib/gcc/avr/9.2.0/../../../../avr/lib/avr5/libc.a(fputc.o)
 .bss           0x0000000000000000        0x0 /usr/lib/gcc/avr/9.2.0/../../../../avr/lib/avr5/libc.a(fputc.o)
 .text          0x0000000000000000        0x0 /usr/lib/gcc/avr/9.2.0/../../../../avr/lib/avr5/libc.a(ultoa_invert.o)
 .data          0x0000000000000000        0x0 /usr/lib/gcc/avr/9.2.0/../../../../avr/lib/avr5/libc.a(ultoa_invert.o)
 .bss           0x0000000000000000        0x0 /usr/lib/gcc/avr/9.2.0/../../../../avr/lib/avr5/libc.a(ultoa_invert.o)
 .text          0x0000000000000000        0x0 /usr/lib/gcc/avr/9.2.0/avr5/libgcc.a(_prologue.o)
 .data          0x0000000000000000        0x0 /usr/lib/gcc/avr/9.2.0/avr5/libgcc.a(_prologue.o)
 .bss           0x0000000000000000        0x0 /usr/lib/gcc/avr/9.2.0/avr5/libgcc.a(_prologue.o)
 .text.libgcc.mul
                0x0000000000000000        0x0 /usr/lib/gcc/avr/9.2.0/avr5/libgcc.a(_prologue.o)
 .text.libgcc.div
                0x0000000000000000        0x0 /usr/lib/gcc/avr/9.2.0/avr5/libgcc.a(_prologue.o)
 .text.libgcc   0x0000000000000000        0x0 /usr/lib/gcc/avr/9.2.0/avr5/libgcc.a(_prologue.o)
 .text.libgcc.builtins
                0x0000000000000000        0x0 /usr/lib/gcc/avr/9.2.0/avr5/libgcc.a(_prologue.o)
 .text.libgcc.fmul
                0x0000000000000000        0x0 /usr/lib/gcc/avr/9.2.0/avr5/libgcc.a(_prologue.o)
 .text.libgcc.fixed
                0x0000000000000000        0x0 /usr/lib/gcc/avr/9.2.0/avr5/libgcc.a(_prologue.o)
 .text          0x0000000000000000        0x0 /usr/lib/gcc/avr/9.2.0/avr5/libgcc.a(_epilogue.o)
 .data          0x0000000000000000        0x0 /usr/lib/gcc/avr/9.2.0/avr5/libgcc.a(_epilogue.o)
 .bss           0x0000000000000000        0x0 /usr/lib/gcc/avr/9.2.0/avr5/libgcc.a(_epilogue.o)
 .text.libgcc.mul
                0x0000000000000000        0x0 /usr/lib/gcc/avr/9.2.0/avr5/libgcc.a(_epilogue.o)
 .text.libgcc.div
                0x0000000000000000        0x0 /usr/lib/gcc/avr/9.2.0/avr5/libgcc.a(_epilogue.o)
 .text.libgcc   0x0000000000000000        0x0 /usr/lib/gcc/avr/9.2.0/avr5/libgcc.a(_epilogue.o)
 .text.libgcc.builtins
                0x0000000000000000        0x0 /usr/lib/gcc/avr/9.2.0/avr5/libgcc.a(_epilogue.o)
 .text.libgcc.fmul
                0x0000000000000000        0x0 /usr/lib/gcc/avr/9.2.0/avr5/libgcc.a(_epilogue.o)
 .text.libgcc.fixed
                0x0000000000000000        0x0 /usr/lib/gcc/avr/9.2.0/avr5/libgcc.a(_epilogue.o)

Memory Configuration

Name             Origin             Length             Attributes
text             0x0000000000000000 0x0000000000020000 xr
data             0x0000000000800060 0x000000000000ffa0 rw !x
eeprom           0x0000000000810000 0x0000000000010000 rw !x
fuse             0x0000000000820000 0x0000000000000003 rw !x
lock             0x0000000000830000 0x0000000000000400 rw !x
signature        0x0000000000840000 0x0000000000000400 rw !x
user_signatures  0x0000000000850000 0x0000000000000400 rw !x
*default*        0x0000000000000000 0xffffffffffffffff

Linker script and memory map

Address of section .data set to 0x800100
LOAD /usr/lib/gcc/avr/9.2.0/../../../../avr/lib/avr5/crtatmega328pb.o
LOAD test5.o
LOAD test2.o
LOAD test4.o
LOAD test.o
LOAD test3.o
LOAD main.o
LOAD test1.o
LOAD lib/uart.o
LOAD lib/spi.o
LOAD lib/io_interrupt.o
LOAD lib/gpio.o
LOAD lib/delay.o
LOAD lib/pirc_lcd/LCD_Ili9341.o
LOAD lib/pirc_lcd/ugui.o
LOAD lib/pirc_lcd/XPT2046.o
LOAD /usr/lib/gcc/avr/9.2.0/../../../../avr/lib/avr5/libm.a
START GROUP
LOAD /usr/lib/gcc/avr/9.2.0/avr5/libgcc.a
LOAD /usr/lib/gcc/avr/9.2.0/../../../../avr/lib/avr5/libm.a
LOAD /usr/lib/gcc/avr/9.2.0/../../../../avr/lib/avr5/libc.a
LOAD /usr/lib/gcc/avr/9.2.0/../../../../avr/lib/avr5/libatmega328pb.a
END GROUP
                0x0000000000020000                __TEXT_REGION_LENGTH__ = DEFINED (__TEXT_REGION_LENGTH__)?__TEXT_REGION_LENGTH__:0x20000
                0x000000000000ffa0                __DATA_REGION_LENGTH__ = DEFINED (__DATA_REGION_LENGTH__)?__DATA_REGION_LENGTH__:0xffa0
                0x0000000000010000                __EEPROM_REGION_LENGTH__ = DEFINED (__EEPROM_REGION_LENGTH__)?__EEPROM_REGION_LENGTH__:0x10000
                [0x0000000000000003]                __FUSE_REGION_LENGTH__ = DEFINED (__FUSE_REGION_LENGTH__)?__FUSE_REGION_LENGTH__:0x400
                0x0000000000000400                __LOCK_REGION_LENGTH__ = DEFINED (__LOCK_REGION_LENGTH__)?__LOCK_REGION_LENGTH__:0x400
                0x0000000000000400                __SIGNATURE_REGION_LENGTH__ = DEFINED (__SIGNATURE_REGION_LENGTH__)?__SIGNATURE_REGION_LENGTH__:0x400
                0x0000000000000400                __USER_SIGNATURE_REGION_LENGTH__ = DEFINED (__USER_SIGNATURE_REGION_LENGTH__)?__USER_SIGNATURE_REGION_LENGTH__:0x400

.hash
 *(.hash)

.dynsym
 *(.dynsym)

.dynstr
 *(.dynstr)

.gnu.version
 *(.gnu.version)

.gnu.version_d
 *(.gnu.version_d)

.gnu.version_r
 *(.gnu.version_r)

.rel.init
 *(.rel.init)

.rela.init
 *(.rela.init)

.rel.text
 *(.rel.text)
 *(.rel.text.*)
 *(.rel.gnu.linkonce.t*)

.rela.text
 *(.rela.text)
 *(.rela.text.*)
 *(.rela.gnu.linkonce.t*)

.rel.fini
 *(.rel.fini)

.rela.fini
 *(.rela.fini)

.rel.rodata
 *(.rel.rodata)
 *(.rel.rodata.*)
 *(.rel.gnu.linkonce.r*)

.rela.rodata
 *(.rela.rodata)
 *(.rela.rodata.*)
 *(.rela.gnu.linkonce.r*)

.rel.data
 *(.rel.data)
 *(.rel.data.*)
 *(.rel.gnu.linkonce.d*)

.rela.data
 *(.rela.data)
 *(.rela.data.*)
 *(.rela.gnu.linkonce.d*)

.rel.ctors
 *(.rel.ctors)

.rela.ctors
 *(.rela.ctors)

.rel.dtors
 *(.rel.dtors)

.rela.dtors
 *(.rela.dtors)

.rel.got
 *(.rel.got)

.rela.got
 *(.rela.got)

.rel.bss
 *(.rel.bss)

.rela.bss
 *(.rela.bss)

.rel.plt
 *(.rel.plt)

.rela.plt
 *(.rela.plt)

.text           0x0000000000000000     0x6318
 *(.vectors)
 .vectors       0x0000000000000000       0xb4 /usr/lib/gcc/avr/9.2.0/../../../../avr/lib/avr5/crtatmega328pb.o
                0x0000000000000000                __vectors
                0x0000000000000000                __vector_default
 *(.vectors)
 *(.progmem.gcc*)
                0x00000000000000b4                . = ALIGN (0x2)
                0x00000000000000b4                __trampolines_start = .
 *(.trampolines)
 .trampolines   0x00000000000000b4        0x0 linker stubs
 *(.trampolines*)
                0x00000000000000b4                __trampolines_end = .
 *libprintf_flt.a:*(.progmem.data)
 *libc.a:*(.progmem.data)
 *(.progmem.*)
 .progmem.data  0x00000000000000b4      0xc80 lib/pirc_lcd/ugui.o
                0x00000000000000b4                font_8x8
                0x00000000000008b4                font_8x12R
                0x0000000000000d34                . = ALIGN (0x2)
 *(.lowtext)
 *(.lowtext*)
                0x0000000000000d34                __ctors_start = .
 *(.ctors)
                0x0000000000000d34                __ctors_end = .
                0x0000000000000d34                __dtors_start = .
 *(.dtors)
                0x0000000000000d34                __dtors_end = .
 SORT_BY_NAME(*)(.ctors)
 SORT_BY_NAME(*)(.dtors)
 *(.init0)
 .init0         0x0000000000000d34        0x0 /usr/lib/gcc/avr/9.2.0/../../../../avr/lib/avr5/crtatmega328pb.o
                0x0000000000000d34                __init
 *(.init0)
 *(.init1)
 *(.init1)
 *(.init2)
 .init2         0x0000000000000d34        0xc /usr/lib/gcc/avr/9.2.0/../../../../avr/lib/avr5/crtatmega328pb.o
 *(.init2)
 *(.init3)
 *(.init3)
 *(.init4)
 .init4         0x0000000000000d40       0x16 /usr/lib/gcc/avr/9.2.0/avr5/libgcc.a(_copy_data.o)
                0x0000000000000d40                __do_copy_data
 .init4         0x0000000000000d56       0x10 /usr/lib/gcc/avr/9.2.0/avr5/libgcc.a(_clear_bss.o)
                0x0000000000000d56                __do_clear_bss
 *(.init4)
 *(.init5)
 *(.init5)
 *(.init6)
 *(.init6)
 *(.init7)
 *(.init7)
 *(.init8)
 *(.init8)
 *(.init9)
 .init9         0x0000000000000d66        0x8 /usr/lib/gcc/avr/9.2.0/../../../../avr/lib/avr5/crtatmega328pb.o
 *(.init9)
 *(.text)
 .text          0x0000000000000d6e        0x4 /usr/lib/gcc/avr/9.2.0/../../../../avr/lib/avr5/crtatmega328pb.o
                0x0000000000000d6e                __vector_38
                0x0000000000000d6e                __vector_22
                0x0000000000000d6e                __vector_28
                0x0000000000000d6e                __vector_32
                0x0000000000000d6e                __vector_34
                0x0000000000000d6e                __vector_24
                0x0000000000000d6e                __vector_12
                0x0000000000000d6e                __bad_interrupt
                0x0000000000000d6e                __vector_6
                0x0000000000000d6e                __vector_31
                0x0000000000000d6e                __vector_35
                0x0000000000000d6e                __vector_39
                0x0000000000000d6e                __vector_3
                0x0000000000000d6e                __vector_23
                0x0000000000000d6e                __vector_30
                0x0000000000000d6e                __vector_25
                0x0000000000000d6e                __vector_11
                0x0000000000000d6e                __vector_17
                0x0000000000000d6e                __vector_19
                0x0000000000000d6e                __vector_7
                0x0000000000000d6e                __vector_41
                0x0000000000000d6e                __vector_43
                0x0000000000000d6e                __vector_27
                0x0000000000000d6e                __vector_5
                0x0000000000000d6e                __vector_33
                0x0000000000000d6e                __vector_37
                0x0000000000000d6e                __vector_4
                0x0000000000000d6e                __vector_44
                0x0000000000000d6e                __vector_9
                0x0000000000000d6e                __vector_21
                0x0000000000000d6e                __vector_15
                0x0000000000000d6e                __vector_36
                0x0000000000000d6e                __vector_29
                0x0000000000000d6e                __vector_40
                0x0000000000000d6e                __vector_8
                0x0000000000000d6e                __vector_26
                0x0000000000000d6e                __vector_14
                0x0000000000000d6e                __vector_10
                0x0000000000000d6e                __vector_16
                0x0000000000000d6e                __vector_18
                0x0000000000000d6e                __vector_20
                0x0000000000000d6e                __vector_42
 .text          0x0000000000000d72      0x172 test5.o
                0x0000000000000d72                window_1_callback
                0x0000000000000d7a                draw_home_scren
 .text          0x0000000000000ee4       0xb2 test2.o
                0x0000000000000ee4                __vector_1
                0x0000000000000f4a                __vector_2
 .text          0x0000000000000f96       0x4e lib/uart.o
                0x0000000000000f96                uart_init
                0x0000000000000fb8                uart_putchar
                0x0000000000000fd6                uart_getchar
 .text          0x0000000000000fe4       0x56 lib/gpio.o
                0x0000000000000fe4                gpio_init
                0x0000000000000fec                gpio_write
                0x000000000000101e                gpio_read
 .text          0x000000000000103a       0x46 lib/delay.o
                0x000000000000103a                delay_init
                0x000000000000105a                __vector_13
 .text          0x0000000000001080      0x4fa lib/pirc_lcd/LCD_Ili9341.o
                0x0000000000001080                LCD_putchar
                0x00000000000010a4                ILI9341_InitSPI
                0x00000000000010bc                ILI9341_SPIwrite
                0x00000000000010c8                ILI9341_WriteCommand
                0x00000000000010d4                ILI9341_WriteData
                0x00000000000010e0                ILI9341_ReadCmd8
                0x000000000000111a                ILI9341_setRotation
                0x0000000000001176                ILI9341_Init
                0x00000000000011e8                ILI9341_setAddrWindow
                0x0000000000001258                _HW_SetArea_
                0x000000000000125c                ILI9341_pushColor
                0x0000000000001276                _HW_PushPixel
                0x000000000000127a                ILI9341_drawPixel
                0x00000000000012d0                UserPixelSetFunction
                0x00000000000012d4                ILI9341_drawFastVLine
                0x000000000000134a                ILI9341_drawFastHLine
                0x00000000000013c0                ILI9341_fillRect
                0x0000000000001476                _HW_FillFrame_
                0x000000000000148e                ILI9341_fillScreen
                0x00000000000014b6                ILI9341_invertDisplay
                0x00000000000014c4                LCD_Init
 .text          0x000000000000157a     0x41e2 lib/pirc_lcd/ugui.o
                0x000000000000157a                UG_Init
                0x000000000000161a                UG_SelectGUI
                0x0000000000001628                UG_FontSelect
                0x0000000000001640                UG_FillFrame
                0x00000000000016f2                UG_FillScreen
                0x0000000000001722                UG_DrawMesh
                0x00000000000017ac                UG_DrawPixel
                0x00000000000017bc                UG_DrawCircle
                0x0000000000001986                UG_DrawArc
                0x0000000000001bc2                UG_DrawLine
                0x0000000000001d28                UG_FillRoundFrame
                0x0000000000001f06                UG_DrawFrame
                0x0000000000001f72                UG_DrawRoundFrame
                0x0000000000002068                UG_FillCircle
                0x00000000000021e6                UG_ConsoleSetArea
                0x0000000000002200                UG_ConsoleSetForecolor
                0x000000000000220e                UG_ConsoleSetBackcolor
                0x000000000000221c                UG_SetForecolor
                0x000000000000222a                UG_SetBackcolor
                0x0000000000002238                UG_GetXDim
                0x0000000000002246                UG_GetYDim
                0x0000000000002254                UG_FontSetHSpace
                0x0000000000002260                UG_FontSetVSpace
                0x000000000000226c                _UG_PutChar
                0x00000000000027fa                UG_PutChar
                0x000000000000281e                UG_PutString
                0x00000000000028f8                UG_ConsolePutString
                0x00000000000029ec                _UG_PutText
                0x0000000000002c4a                _UG_GetFreeObject
                0x0000000000002c72                _UG_SearchObject
                0x0000000000002ca6                _UG_DeleteObject
                0x0000000000002cd2                _UG_ProcessTouchData
                0x0000000000002db0                _UG_UpdateObjects
                0x0000000000002e42                _UG_HandleEvents
                0x0000000000002f02                _UG_DrawObjectFrame
                0x00000000000030c2                _UG_SendObjectPrerenderEvent
                0x0000000000003104                _UG_SendObjectPostrenderEvent
                0x0000000000003148                UG_DriverRegister
                0x000000000000316e                UG_DriverEnable
                0x0000000000003196                UG_DriverDisable
                0x00000000000031be                UG_WaitForUpdate
                0x00000000000031ce                UG_DrawBMP
                0x0000000000003264                UG_TouchUpdate
                0x0000000000003278                UG_WindowCreate
                0x0000000000003334                UG_WindowDelete
                0x000000000000337a                UG_WindowShow
                0x00000000000033a0                UG_WindowResize
                0x00000000000034f6                UG_WindowSetForeColor
                0x0000000000003512                UG_WindowSetBackColor
                0x000000000000352e                UG_WindowSetTitleTextColor
                0x000000000000354a                UG_WindowSetTitleColor
                0x0000000000003566                UG_WindowSetTitleInactiveTextColor
                0x0000000000003582                UG_WindowSetTitleInactiveColor
                0x000000000000359e                UG_WindowSetTitleText
                0x00000000000035ba                UG_WindowSetTitleTextFont
                0x00000000000035fa                UG_WindowSetTitleTextHSpace
                0x0000000000003614                UG_WindowSetTitleTextVSpace
                0x000000000000362e                UG_WindowSetTitleTextAlignment
                0x0000000000003648                UG_WindowSetTitleHeight
                0x0000000000003664                UG_WindowSetXStart
                0x00000000000036a0                UG_WindowSetYStart
                0x00000000000036de                UG_WindowSetXEnd
                0x000000000000371c                UG_WindowSetYEnd
                0x000000000000375a                UG_WindowSetStyle
                0x000000000000378e                UG_WindowGetForeColor
                0x00000000000037a6                UG_WindowGetBackColor
                0x00000000000037be                UG_WindowGetTitleTextColor
                0x00000000000037d6                UG_WindowGetTitleColor
                0x00000000000037ee                UG_WindowAlert
                0x0000000000003836                UG_WindowGetTitleInactiveTextColor
                0x000000000000384e                UG_WindowGetTitleInactiveColor
                0x0000000000003866                UG_WindowGetTitleText
                0x0000000000003882                UG_WindowGetTitleTextFont
                0x000000000000389e                UG_WindowGetTitleTextHSpace
                0x00000000000038b2                UG_WindowGetTitleTextVSpace
                0x00000000000038c6                UG_WindowGetTitleTextAlignment
                0x00000000000038de                UG_WindowGetTitleHeight
                0x00000000000038f6                UG_WindowGetXStart
                0x000000000000390e                UG_WindowGetYStart
                0x0000000000003926                UG_WindowGetXEnd
                0x000000000000393e                UG_WindowGetYEnd
                0x0000000000003956                UG_WindowGetStyle
                0x000000000000396e                UG_WindowGetArea
                0x00000000000039fe                _UG_ButtonUpdate
                0x0000000000003cc2                _UG_CheckboxUpdate
                0x000000000000428e                _UG_TextboxUpdate
                0x000000000000440a                _UG_ImageUpdate
                0x0000000000004520                UG_WindowGetInnerWidth
                0x0000000000004548                UG_WindowGetOuterWidth
                0x000000000000456a                UG_WindowGetInnerHeight
                0x000000000000459c                UG_WindowGetOuterHeight
                0x00000000000045be                _UG_WindowDrawTitle
                0x0000000000004702                _UG_WindowUpdate
                0x0000000000004804                UG_Update
                0x00000000000048e6                _UG_WindowClear
                0x000000000000494e                UG_WindowHide
                0x00000000000049fa                UG_ButtonCreate
                0x0000000000004ad6                UG_ButtonDelete
                0x0000000000004ade                UG_ButtonShow
                0x0000000000004afa                UG_ButtonHide
                0x0000000000004b26                UG_ButtonSetForeColor
                0x0000000000004b5a                UG_ButtonSetBackColor
                0x0000000000004b8e                UG_ButtonSetAlternateForeColor
                0x0000000000004bc2                UG_ButtonSetAlternateBackColor
                0x0000000000004bf6                UG_ButtonSetText
                0x0000000000004c2a                UG_ButtonSetFont
                0x0000000000004c5e                UG_ButtonSetStyle
                0x0000000000004ccc                UG_ButtonSetHSpace
                0x0000000000004cf4                UG_ButtonSetVSpace
                0x0000000000004d1c                UG_ButtonSetAlignment
                0x0000000000004d44                UG_ButtonGetForeColor
                0x0000000000004d64                UG_ButtonGetBackColor
                0x0000000000004d84                UG_ButtonGetAlternateForeColor
                0x0000000000004da4                UG_ButtonGetAlternateBackColor
                0x0000000000004dc4                UG_ButtonGetText
                0x0000000000004de2                UG_ButtonGetFont
                0x0000000000004e00                UG_ButtonGetStyle
                0x0000000000004e1c                UG_ButtonGetHSpace
                0x0000000000004e38                UG_ButtonGetVSpace
                0x0000000000004e54                UG_ButtonGetAlignment
                0x0000000000004e70                UG_CheckboxCreate
                0x0000000000004f4e                UG_CheckboxDelete
                0x0000000000004f56                UG_CheckboxShow
                0x0000000000004f72                UG_CheckboxHide
                0x0000000000004f9e                UG_CheckboxSetCheched
                0x0000000000004fc6                UG_CheckboxSetForeColor
                0x0000000000004ffa                UG_CheckboxSetBackColor
                0x000000000000502e                UG_CheckboxSetAlternateForeColor
                0x0000000000005062                UG_CheckboxSetAlternateBackColor
                0x0000000000005096                UG_CheckboxSetText
                0x00000000000050ca                UG_CheckboxSetFont
                0x00000000000050fe                UG_CheckboxSetStyle
                0x000000000000516c                UG_CheckboxSetHSpace
                0x0000000000005194                UG_CheckboxSetVSpace
                0x00000000000051bc                UG_CheckboxSetAlignment
                0x00000000000051e4                UG_CheckboxGetChecked
                0x0000000000005200                UG_CheckboxGetForeColor
                0x0000000000005220                UG_CheckboxGetBackColor
                0x0000000000005240                UG_CheckboxGetAlternateForeColor
                0x0000000000005260                UG_CheckboxGetAlternateBackColor
                0x0000000000005280                UG_CheckboxGetText
                0x000000000000529e                UG_CheckboxGetFont
                0x00000000000052bc                UG_CheckboxGetStyle
                0x00000000000052d8                UG_CheckboxGetHSpace
                0x00000000000052f4                UG_CheckboxGetVSpace
                0x0000000000005310                UG_CheckboxGetAlignment
                0x000000000000532c                UG_TextboxCreate
                0x00000000000053fe                UG_TextboxDelete
                0x0000000000005406                UG_TextboxShow
                0x0000000000005422                UG_TextboxHide
                0x0000000000005440                UG_TextboxSetForeColor
                0x0000000000005474                UG_TextboxSetBackColor
                0x00000000000054a8                UG_TextboxSetText
                0x00000000000054d8                UG_TextboxSetFont
                0x000000000000550c                UG_TextboxSetHSpace
                0x0000000000005534                UG_TextboxSetVSpace
                0x000000000000555c                UG_TextboxSetAlignment
                0x0000000000005584                UG_TextboxGetForeColor
                0x00000000000055a4                UG_TextboxGetBackColor
                0x00000000000055c4                UG_TextboxGetText
                0x00000000000055e2                UG_TextboxGetFont
                0x0000000000005600                UG_TextboxGetHSpace
                0x000000000000561c                UG_TextboxGetVSpace
                0x0000000000005638                UG_TextboxGetAlignment
                0x0000000000005654                UG_ImageCreate
                0x00000000000056e2                UG_ImageDelete
                0x00000000000056ea                UG_ImageShow
                0x0000000000005706                UG_ImageHide
                0x0000000000005724                UG_ImageSetBMP
 .text          0x000000000000575c      0x45c lib/pirc_lcd/XPT2046.o
                0x000000000000575c                XPT2046_SPIwrite
                0x0000000000005778                XPT2046_SPIwrite16
                0x00000000000057ba                XPT2046_getCalibrationPoints
                0x0000000000005804                XPT2046_setCalibration
                0x00000000000058ae                XPT2046_setRotation
                0x00000000000058b4                XPT2046_readLoop
                0x0000000000005908                XPT2046_getRaw
                0x000000000000598c                XPT2046_isTouching
                0x000000000000599a                XPT2046_getPosition
                0x0000000000005b64                XPT2046_powerDown
                0x0000000000005b80                XPT2046_Init
                0x0000000000005bb8                . = ALIGN (0x2)
 *(.text.*)
 .text.startup  0x0000000000005bb8       0xb6 test5.o
                0x0000000000005bb8                main
 .text.libgcc.mul
                0x0000000000005c6e       0x20 /usr/lib/gcc/avr/9.2.0/avr5/libgcc.a(_mulsi3.o)
                0x0000000000005c6e                __mulsi3
 .text.libgcc.div
                0x0000000000005c8e       0x2e /usr/lib/gcc/avr/9.2.0/avr5/libgcc.a(_divmodsi4.o)
                0x0000000000005c8e                __divmodsi4
 .text.libgcc.div
                0x0000000000005cbc       0x10 /usr/lib/gcc/avr/9.2.0/avr5/libgcc.a(_negsi2.o)
                0x0000000000005cbc                __negsi2
 .text.libgcc.mul
                0x0000000000005ccc       0x16 /usr/lib/gcc/avr/9.2.0/avr5/libgcc.a(_muluhisi3.o)
                0x0000000000005ccc                __muluhisi3
 .text.libgcc.div
                0x0000000000005ce2       0x44 /usr/lib/gcc/avr/9.2.0/avr5/libgcc.a(_udivmodsi4.o)
                0x0000000000005ce2                __udivmodsi4
 .text.libgcc.mul
                0x0000000000005d26       0x1e /usr/lib/gcc/avr/9.2.0/avr5/libgcc.a(_umulhisi3.o)
                0x0000000000005d26                __umulhisi3
 .text.avr-libc
                0x0000000000005d44       0x2c /usr/lib/gcc/avr/9.2.0/../../../../avr/lib/avr5/libc.a(printf.o)
                0x0000000000005d44                printf
 .text.avr-libc
                0x0000000000005d70       0x58 /usr/lib/gcc/avr/9.2.0/../../../../avr/lib/avr5/libc.a(puts.o)
                0x0000000000005d70                puts
 .text.avr-libc
                0x0000000000005dc8      0x396 /usr/lib/gcc/avr/9.2.0/../../../../avr/lib/avr5/libc.a(vfprintf_std.o)
                0x0000000000005dc8                vfprintf
 .text.avr-libc
                0x000000000000615e       0x16 /usr/lib/gcc/avr/9.2.0/../../../../avr/lib/avr5/libc.a(strnlen_P.o)
                0x000000000000615e                strnlen_P
 .text.avr-libc
                0x0000000000006174       0x16 /usr/lib/gcc/avr/9.2.0/../../../../avr/lib/avr5/libc.a(strnlen.o)
                0x0000000000006174                strnlen
 .text.avr-libc
                0x000000000000618a       0x60 /usr/lib/gcc/avr/9.2.0/../../../../avr/lib/avr5/libc.a(fputc.o)
                0x000000000000618a                fputc
 .text.avr-libc
                0x00000000000061ea       0xbc /usr/lib/gcc/avr/9.2.0/../../../../avr/lib/avr5/libc.a(ultoa_invert.o)
                0x00000000000061ea                __ultoa_invert
 .text.libgcc.prologue
                0x00000000000062a6       0x38 /usr/lib/gcc/avr/9.2.0/avr5/libgcc.a(_prologue.o)
                0x00000000000062a6                __prologue_saves__
 .text.libgcc.prologue
                0x00000000000062de       0x36 /usr/lib/gcc/avr/9.2.0/avr5/libgcc.a(_epilogue.o)
                0x00000000000062de                __epilogue_restores__
                0x0000000000006314                . = ALIGN (0x2)
 *(.fini9)
 .fini9         0x0000000000006314        0x0 /usr/lib/gcc/avr/9.2.0/avr5/libgcc.a(_exit.o)
                0x0000000000006314                exit
                0x0000000000006314                _exit
 *(.fini9)
 *(.fini8)
 *(.fini8)
 *(.fini7)
 *(.fini7)
 *(.fini6)
 *(.fini6)
 *(.fini5)
 *(.fini5)
 *(.fini4)
 *(.fini4)
 *(.fini3)
 *(.fini3)
 *(.fini2)
 *(.fini2)
 *(.fini1)
 *(.fini1)
 *(.fini0)
 .fini0         0x0000000000006314        0x4 /usr/lib/gcc/avr/9.2.0/avr5/libgcc.a(_exit.o)
 *(.fini0)
 *(.hightext)
 *(.hightext*)
 *(.progmemx.*)
                0x0000000000006318                . = ALIGN (0x2)
 *(.jumptables)
 *(.jumptables*)
                0x0000000000006318                _etext = .

.data           0x0000000000800100      0x19a load address 0x0000000000006318
                0x0000000000800100                PROVIDE (__data_start = .)
 *(.data)
 .data          0x0000000000800100       0x1c test5.o
                0x0000000000800100                uart_input
                0x000000000080010e                uart_output
 .data          0x000000000080011c       0x12 lib/pirc_lcd/LCD_Ili9341.o
                0x000000000080011c                LCD_stream
                0x000000000080012a                ILI9341_height
                0x000000000080012c                ILI9341_width
 .data          0x000000000080012e        0x8 lib/pirc_lcd/XPT2046.o
                0x000000000080012e                ADC_MAX
                0x0000000000800130                CTRL_HI_Y
                0x0000000000800131                CTRL_HI_X
                0x0000000000800132                CTRL_LO_SER
                0x0000000000800133                CTRL_LO_DFR
                0x0000000000800134                CAL_MARGIN
 *(.data*)
 *(.gnu.linkonce.d*)
 *(.rodata)
 .rodata        0x0000000000800136       0x92 lib/pirc_lcd/ugui.o
                0x0000000000800136                pal_checkbox_released
                0x000000000080014e                pal_checkbox_pressed
                0x0000000000800166                pal_button_released
                0x000000000080017e                pal_button_pressed
                0x0000000000800196                pal_window
                0x00000000008001ae                FONT_8X8
                0x00000000008001bb                RFONT_8X12
 *(.rodata*)
 .rodata.str1.1
                0x00000000008001c8       0xc4 test5.o
 .rodata.str1.1
                0x000000000080028c        0xb test2.o
 .rodata.str1.1
                0x0000000000800297        0x2 lib/pirc_lcd/ugui.o
 *(.gnu.linkonce.r*)
                0x000000000080029a                . = ALIGN (0x2)
 *fill*         0x0000000000800299        0x1 
                0x000000000080029a                _edata = .
                0x000000000080029a                PROVIDE (__data_end = .)

.bss            0x000000000080029a       0x6d
                0x000000000080029a                PROVIDE (__bss_start = .)
 *(.bss)
 .bss           0x000000000080029a        0x8 lib/pirc_lcd/ugui.o
 *(.bss*)
 *(COMMON)
 COMMON         0x00000000008002a2       0x44 lib/pirc_lcd/LCD_Ili9341.o
                0x00000000008002a2                ILI9341_rotation
                0x00000000008002a3                gui
 COMMON         0x00000000008002e6       0x1b lib/pirc_lcd/XPT2046.o
                0x00000000008002e6                _rot
                0x00000000008002e7                _irq_pin
                0x00000000008002e8                _cal_dy
                0x00000000008002ec                _cal_vj1
                0x00000000008002ee                _cal_dvi
                0x00000000008002f2                _cs_pin
                0x00000000008002f3                _width
                0x00000000008002f5                _cal_vi1
                0x00000000008002f7                _cal_dvj
                0x00000000008002fb                _height
                0x00000000008002fd                _cal_dx
 COMMON         0x0000000000800301        0x6 /usr/lib/gcc/avr/9.2.0/../../../../avr/lib/avr5/libc.a(iob.o)
                0x0000000000800301                __iob
                0x0000000000800307                PROVIDE (__bss_end = .)
                0x0000000000006318                __data_load_start = LOADADDR (.data)
                0x00000000000064b2                __data_load_end = (__data_load_start + SIZEOF (.data))

.noinit         0x0000000000800307        0x0
                [!provide]                        PROVIDE (__noinit_start = .)
 *(.noinit*)
                [!provide]                        PROVIDE (__noinit_end = .)
                0x0000000000800307                _end = .
                [!provide]                        PROVIDE (__heap_start = .)

.eeprom         0x0000000000810000        0x0
 *(.eeprom*)
                0x0000000000810000                __eeprom_end = .

.fuse
 *(.fuse)
 *(.lfuse)
 *(.hfuse)
 *(.efuse)

.lock
 *(.lock*)

.signature
 *(.signature*)

.stab
 *(.stab)

.stabstr
 *(.stabstr)

.stab.excl
 *(.stab.excl)

.stab.exclstr
 *(.stab.exclstr)

.stab.index
 *(.stab.index)

.stab.indexstr
 *(.stab.indexstr)

.comment        0x0000000000000000       0x22
 *(.comment)
 .comment       0x0000000000000000       0x11 test5.o
                                         0x12 (size before relaxing)
 .comment       0x0000000000000011       0x12 test2.o
 .comment       0x0000000000000011       0x12 lib/uart.o
 .comment       0x0000000000000011       0x12 lib/gpio.o
 .comment       0x0000000000000011       0x12 lib/delay.o
 .comment       0x0000000000000011       0x12 lib/pirc_lcd/LCD_Ili9341.o
 .comment       0x0000000000000011       0x12 lib/pirc_lcd/ugui.o
 .comment       0x0000000000000011       0x12 lib/pirc_lcd/XPT2046.o
 .comment       0x0000000000000011       0x11 /usr/lib/gcc/avr/9.2.0/../../../../avr/lib/avr5/libc.a(iob.o)
                                         0x12 (size before relaxing)
 .comment       0x0000000000000022       0x12 /usr/lib/gcc/avr/9.2.0/../../../../avr/lib/avr5/libc.a(printf.o)
 .comment       0x0000000000000022       0x12 /usr/lib/gcc/avr/9.2.0/../../../../avr/lib/avr5/libc.a(puts.o)
 .comment       0x0000000000000022       0x12 /usr/lib/gcc/avr/9.2.0/../../../../avr/lib/avr5/libc.a(vfprintf_std.o)
 .comment       0x0000000000000022       0x12 /usr/lib/gcc/avr/9.2.0/../../../../avr/lib/avr5/libc.a(fputc.o)

.note.gnu.avr.deviceinfo
                0x0000000000000000       0x40
 .note.gnu.avr.deviceinfo
                0x0000000000000000       0x40 /usr/lib/gcc/avr/9.2.0/../../../../avr/lib/avr5/crtatmega328pb.o

.note.gnu.build-id
 *(.note.gnu.build-id)

.debug
 *(.debug)

.line
 *(.line)

.debug_srcinfo
 *(.debug_srcinfo)

.debug_sfnames
 *(.debug_sfnames)

.debug_aranges
 *(.debug_aranges)

.debug_pubnames
 *(.debug_pubnames)

.debug_info
 *(.debug_info .gnu.linkonce.wi.*)

.debug_abbrev
 *(.debug_abbrev)

.debug_line
 *(.debug_line .debug_line.* .debug_line_end)

.debug_frame
 *(.debug_frame)

.debug_str
 *(.debug_str)

.debug_loc
 *(.debug_loc)

.debug_macinfo
 *(.debug_macinfo)

.debug_weaknames
 *(.debug_weaknames)

.debug_funcnames
 *(.debug_funcnames)

.debug_typenames
 *(.debug_typenames)

.debug_varnames
 *(.debug_varnames)

.debug_pubtypes
 *(.debug_pubtypes)

.debug_ranges
 *(.debug_ranges)

.debug_macro
 *(.debug_macro)

.debug_addr
 *(.debug_addr)
OUTPUT(test5.elf elf32-avr)
LOAD linker stubs

Cross Reference Table

Symbol                                            File
ADC_MAX                                           lib/pirc_lcd/XPT2046.o
CAL_MARGIN                                        lib/pirc_lcd/XPT2046.o
CTRL_HI_X                                         lib/pirc_lcd/XPT2046.o
CTRL_HI_Y                                         lib/pirc_lcd/XPT2046.o
CTRL_LO_DFR                                       lib/pirc_lcd/XPT2046.o
CTRL_LO_SER                                       lib/pirc_lcd/XPT2046.o
FONT_8X8                                          lib/pirc_lcd/ugui.o
ILI9341_Init                                      lib/pirc_lcd/LCD_Ili9341.o
ILI9341_InitSPI                                   lib/pirc_lcd/LCD_Ili9341.o
ILI9341_ReadCmd8                                  lib/pirc_lcd/LCD_Ili9341.o
ILI9341_SPIwrite                                  lib/pirc_lcd/LCD_Ili9341.o
ILI9341_WriteCommand                              lib/pirc_lcd/LCD_Ili9341.o
ILI9341_WriteData                                 lib/pirc_lcd/LCD_Ili9341.o
ILI9341_drawFastHLine                             lib/pirc_lcd/LCD_Ili9341.o
ILI9341_drawFastVLine                             lib/pirc_lcd/LCD_Ili9341.o
ILI9341_drawPixel                                 lib/pirc_lcd/LCD_Ili9341.o
ILI9341_fillRect                                  lib/pirc_lcd/LCD_Ili9341.o
                                                  main.o
ILI9341_fillScreen                                lib/pirc_lcd/LCD_Ili9341.o
ILI9341_height                                    lib/pirc_lcd/LCD_Ili9341.o
ILI9341_invertDisplay                             lib/pirc_lcd/LCD_Ili9341.o
ILI9341_pushColor                                 lib/pirc_lcd/LCD_Ili9341.o
ILI9341_rotation                                  lib/pirc_lcd/LCD_Ili9341.o
ILI9341_setAddrWindow                             lib/pirc_lcd/LCD_Ili9341.o
ILI9341_setRotation                               lib/pirc_lcd/LCD_Ili9341.o
ILI9341_width                                     lib/pirc_lcd/LCD_Ili9341.o
LCD_Init                                          lib/pirc_lcd/LCD_Ili9341.o
                                                  test5.o
LCD_putchar                                       lib/pirc_lcd/LCD_Ili9341.o
LCD_stream                                        lib/pirc_lcd/LCD_Ili9341.o
RFONT_8X12                                        lib/pirc_lcd/ugui.o
                                                  lib/pirc_lcd/LCD_Ili9341.o
SPI_master_init                                   lib/spi.o
                                                  test3.o
SPI_master_transmit                               lib/spi.o
                                                  test3.o
SPI_slave_read                                    lib/spi.o
UG_ButtonCreate                                   lib/pirc_lcd/ugui.o
                                                  test5.o
UG_ButtonDelete                                   lib/pirc_lcd/ugui.o
UG_ButtonGetAlignment                             lib/pirc_lcd/ugui.o
UG_ButtonGetAlternateBackColor                    lib/pirc_lcd/ugui.o
UG_ButtonGetAlternateForeColor                    lib/pirc_lcd/ugui.o
UG_ButtonGetBackColor                             lib/pirc_lcd/ugui.o
UG_ButtonGetFont                                  lib/pirc_lcd/ugui.o
UG_ButtonGetForeColor                             lib/pirc_lcd/ugui.o
UG_ButtonGetHSpace                                lib/pirc_lcd/ugui.o
UG_ButtonGetStyle                                 lib/pirc_lcd/ugui.o
UG_ButtonGetText                                  lib/pirc_lcd/ugui.o
UG_ButtonGetVSpace                                lib/pirc_lcd/ugui.o
UG_ButtonHide                                     lib/pirc_lcd/ugui.o
UG_ButtonSetAlignment                             lib/pirc_lcd/ugui.o
UG_ButtonSetAlternateBackColor                    lib/pirc_lcd/ugui.o
UG_ButtonSetAlternateForeColor                    lib/pirc_lcd/ugui.o
UG_ButtonSetBackColor                             lib/pirc_lcd/ugui.o
                                                  test5.o
UG_ButtonSetFont                                  lib/pirc_lcd/ugui.o
UG_ButtonSetForeColor                             lib/pirc_lcd/ugui.o
                                                  test5.o
UG_ButtonSetHSpace                                lib/pirc_lcd/ugui.o
UG_ButtonSetStyle                                 lib/pirc_lcd/ugui.o
UG_ButtonSetText                                  lib/pirc_lcd/ugui.o
                                                  test5.o
UG_ButtonSetVSpace                                lib/pirc_lcd/ugui.o
UG_ButtonShow                                     lib/pirc_lcd/ugui.o
                                                  test5.o
UG_CheckboxCreate                                 lib/pirc_lcd/ugui.o
UG_CheckboxDelete                                 lib/pirc_lcd/ugui.o
UG_CheckboxGetAlignment                           lib/pirc_lcd/ugui.o
UG_CheckboxGetAlternateBackColor                  lib/pirc_lcd/ugui.o
UG_CheckboxGetAlternateForeColor                  lib/pirc_lcd/ugui.o
UG_CheckboxGetBackColor                           lib/pirc_lcd/ugui.o
UG_CheckboxGetChecked                             lib/pirc_lcd/ugui.o
UG_CheckboxGetFont                                lib/pirc_lcd/ugui.o
UG_CheckboxGetForeColor                           lib/pirc_lcd/ugui.o
UG_CheckboxGetHSpace                              lib/pirc_lcd/ugui.o
UG_CheckboxGetStyle                               lib/pirc_lcd/ugui.o
UG_CheckboxGetText                                lib/pirc_lcd/ugui.o
UG_CheckboxGetVSpace                              lib/pirc_lcd/ugui.o
UG_CheckboxHide                                   lib/pirc_lcd/ugui.o
UG_CheckboxSetAlignment                           lib/pirc_lcd/ugui.o
UG_CheckboxSetAlternateBackColor                  lib/pirc_lcd/ugui.o
UG_CheckboxSetAlternateForeColor                  lib/pirc_lcd/ugui.o
UG_CheckboxSetBackColor                           lib/pirc_lcd/ugui.o
UG_CheckboxSetCheched                             lib/pirc_lcd/ugui.o
UG_CheckboxSetFont                                lib/pirc_lcd/ugui.o
UG_CheckboxSetForeColor                           lib/pirc_lcd/ugui.o
UG_CheckboxSetHSpace                              lib/pirc_lcd/ugui.o
UG_CheckboxSetStyle                               lib/pirc_lcd/ugui.o
UG_CheckboxSetText                                lib/pirc_lcd/ugui.o
UG_CheckboxSetVSpace                              lib/pirc_lcd/ugui.o
UG_CheckboxShow                                   lib/pirc_lcd/ugui.o
UG_ConsolePutString                               lib/pirc_lcd/ugui.o
                                                  lib/pirc_lcd/LCD_Ili9341.o
UG_ConsoleSetArea                                 lib/pirc_lcd/ugui.o
                                                  lib/pirc_lcd/LCD_Ili9341.o
UG_ConsoleSetBackcolor                            lib/pirc_lcd/ugui.o
                                                  lib/pirc_lcd/LCD_Ili9341.o
UG_ConsoleSetForecolor                            lib/pirc_lcd/ugui.o
                                                  lib/pirc_lcd/LCD_Ili9341.o
UG_DrawArc                                        lib/pirc_lcd/ugui.o
UG_DrawBMP                                        lib/pirc_lcd/ugui.o
UG_DrawCircle                                     lib/pirc_lcd/ugui.o
UG_DrawFrame                                      lib/pirc_lcd/ugui.o
UG_DrawLine                                       lib/pirc_lcd/ugui.o
UG_DrawMesh                                       lib/pirc_lcd/ugui.o
UG_DrawPixel                                      lib/pirc_lcd/ugui.o
UG_DrawRoundFrame                                 lib/pirc_lcd/ugui.o
UG_DriverDisable                                  lib/pirc_lcd/ugui.o
UG_DriverEnable                                   lib/pirc_lcd/ugui.o
                                                  lib/pirc_lcd/LCD_Ili9341.o
UG_DriverRegister                                 lib/pirc_lcd/ugui.o
                                                  lib/pirc_lcd/LCD_Ili9341.o
UG_FillCircle                                     lib/pirc_lcd/ugui.o
UG_FillFrame                                      lib/pirc_lcd/ugui.o
UG_FillRoundFrame                                 lib/pirc_lcd/ugui.o
UG_FillScreen                                     lib/pirc_lcd/ugui.o
UG_FontSelect                                     lib/pirc_lcd/ugui.o
                                                  lib/pirc_lcd/LCD_Ili9341.o
UG_FontSetHSpace                                  lib/pirc_lcd/ugui.o
UG_FontSetVSpace                                  lib/pirc_lcd/ugui.o
UG_GetXDim                                        lib/pirc_lcd/ugui.o
UG_GetYDim                                        lib/pirc_lcd/ugui.o
UG_ImageCreate                                    lib/pirc_lcd/ugui.o
UG_ImageDelete                                    lib/pirc_lcd/ugui.o
UG_ImageHide                                      lib/pirc_lcd/ugui.o
UG_ImageSetBMP                                    lib/pirc_lcd/ugui.o
UG_ImageShow                                      lib/pirc_lcd/ugui.o
UG_Init                                           lib/pirc_lcd/ugui.o
                                                  lib/pirc_lcd/LCD_Ili9341.o
UG_PutChar                                        lib/pirc_lcd/ugui.o
UG_PutString                                      lib/pirc_lcd/ugui.o
UG_SelectGUI                                      lib/pirc_lcd/ugui.o
UG_SetBackcolor                                   lib/pirc_lcd/ugui.o
UG_SetForecolor                                   lib/pirc_lcd/ugui.o
                                                  lib/pirc_lcd/LCD_Ili9341.o
UG_TextboxCreate                                  lib/pirc_lcd/ugui.o
UG_TextboxDelete                                  lib/pirc_lcd/ugui.o
UG_TextboxGetAlignment                            lib/pirc_lcd/ugui.o
UG_TextboxGetBackColor                            lib/pirc_lcd/ugui.o
UG_TextboxGetFont                                 lib/pirc_lcd/ugui.o
UG_TextboxGetForeColor                            lib/pirc_lcd/ugui.o
UG_TextboxGetHSpace                               lib/pirc_lcd/ugui.o
UG_TextboxGetText                                 lib/pirc_lcd/ugui.o
UG_TextboxGetVSpace                               lib/pirc_lcd/ugui.o
UG_TextboxHide                                    lib/pirc_lcd/ugui.o
UG_TextboxSetAlignment                            lib/pirc_lcd/ugui.o
UG_TextboxSetBackColor                            lib/pirc_lcd/ugui.o
UG_TextboxSetFont                                 lib/pirc_lcd/ugui.o
UG_TextboxSetForeColor                            lib/pirc_lcd/ugui.o
UG_TextboxSetHSpace                               lib/pirc_lcd/ugui.o
UG_TextboxSetText                                 lib/pirc_lcd/ugui.o
UG_TextboxSetVSpace                               lib/pirc_lcd/ugui.o
UG_TextboxShow                                    lib/pirc_lcd/ugui.o
UG_TouchUpdate                                    lib/pirc_lcd/ugui.o
                                                  test5.o
UG_Update                                         lib/pirc_lcd/ugui.o
                                                  test5.o
UG_WaitForUpdate                                  lib/pirc_lcd/ugui.o
UG_WindowAlert                                    lib/pirc_lcd/ugui.o
UG_WindowCreate                                   lib/pirc_lcd/ugui.o
                                                  test5.o
UG_WindowDelete                                   lib/pirc_lcd/ugui.o
UG_WindowGetArea                                  lib/pirc_lcd/ugui.o
UG_WindowGetBackColor                             lib/pirc_lcd/ugui.o
UG_WindowGetForeColor                             lib/pirc_lcd/ugui.o
UG_WindowGetInnerHeight                           lib/pirc_lcd/ugui.o
UG_WindowGetInnerWidth                            lib/pirc_lcd/ugui.o
UG_WindowGetOuterHeight                           lib/pirc_lcd/ugui.o
UG_WindowGetOuterWidth                            lib/pirc_lcd/ugui.o
UG_WindowGetStyle                                 lib/pirc_lcd/ugui.o
UG_WindowGetTitleColor                            lib/pirc_lcd/ugui.o
UG_WindowGetTitleHeight                           lib/pirc_lcd/ugui.o
UG_WindowGetTitleInactiveColor                    lib/pirc_lcd/ugui.o
UG_WindowGetTitleInactiveTextColor                lib/pirc_lcd/ugui.o
UG_WindowGetTitleText                             lib/pirc_lcd/ugui.o
UG_WindowGetTitleTextAlignment                    lib/pirc_lcd/ugui.o
UG_WindowGetTitleTextColor                        lib/pirc_lcd/ugui.o
UG_WindowGetTitleTextFont                         lib/pirc_lcd/ugui.o
UG_WindowGetTitleTextHSpace                       lib/pirc_lcd/ugui.o
UG_WindowGetTitleTextVSpace                       lib/pirc_lcd/ugui.o
UG_WindowGetXEnd                                  lib/pirc_lcd/ugui.o
UG_WindowGetXStart                                lib/pirc_lcd/ugui.o
UG_WindowGetYEnd                                  lib/pirc_lcd/ugui.o
UG_WindowGetYStart                                lib/pirc_lcd/ugui.o
UG_WindowHide                                     lib/pirc_lcd/ugui.o
UG_WindowResize                                   lib/pirc_lcd/ugui.o
UG_WindowSetBackColor                             lib/pirc_lcd/ugui.o
                                                  test5.o
UG_WindowSetForeColor                             lib/pirc_lcd/ugui.o
UG_WindowSetStyle                                 lib/pirc_lcd/ugui.o
UG_WindowSetTitleColor                            lib/pirc_lcd/ugui.o
                                                  test5.o
UG_WindowSetTitleHeight                           lib/pirc_lcd/ugui.o
                                                  test5.o
UG_WindowSetTitleInactiveColor                    lib/pirc_lcd/ugui.o
                                                  test5.o
UG_WindowSetTitleInactiveTextColor                lib/pirc_lcd/ugui.o
UG_WindowSetTitleText                             lib/pirc_lcd/ugui.o
                                                  test5.o
UG_WindowSetTitleTextAlignment                    lib/pirc_lcd/ugui.o
UG_WindowSetTitleTextColor                        lib/pirc_lcd/ugui.o
                                                  test5.o
UG_WindowSetTitleTextFont                         lib/pirc_lcd/ugui.o
UG_WindowSetTitleTextHSpace                       lib/pirc_lcd/ugui.o
UG_WindowSetTitleTextVSpace                       lib/pirc_lcd/ugui.o
UG_WindowSetXEnd                                  lib/pirc_lcd/ugui.o
UG_WindowSetXStart                                lib/pirc_lcd/ugui.o
UG_WindowSetYEnd                                  lib/pirc_lcd/ugui.o
UG_WindowSetYStart                                lib/pirc_lcd/ugui.o
UG_WindowShow                                     lib/pirc_lcd/ugui.o
                                                  test5.o
UserPixelSetFunction                              lib/pirc_lcd/LCD_Ili9341.o
XPT2046_Init                                      lib/pirc_lcd/XPT2046.o
                                                  test5.o
XPT2046_SPIwrite                                  lib/pirc_lcd/XPT2046.o
XPT2046_SPIwrite16                                lib/pirc_lcd/XPT2046.o
XPT2046_getCalibrationPoints                      lib/pirc_lcd/XPT2046.o
XPT2046_getPosition                               lib/pirc_lcd/XPT2046.o
                                                  test5.o
XPT2046_getRaw                                    lib/pirc_lcd/XPT2046.o
XPT2046_isTouching                                lib/pirc_lcd/XPT2046.o
                                                  test5.o
XPT2046_powerDown                                 lib/pirc_lcd/XPT2046.o
XPT2046_readLoop                                  lib/pirc_lcd/XPT2046.o
XPT2046_setCalibration                            lib/pirc_lcd/XPT2046.o
                                                  test5.o
XPT2046_setRotation                               lib/pirc_lcd/XPT2046.o
_HW_FillFrame_                                    lib/pirc_lcd/LCD_Ili9341.o
_HW_PushPixel                                     lib/pirc_lcd/LCD_Ili9341.o
_HW_SetArea_                                      lib/pirc_lcd/LCD_Ili9341.o
_UG_ButtonUpdate                                  lib/pirc_lcd/ugui.o
_UG_CheckboxUpdate                                lib/pirc_lcd/ugui.o
_UG_DeleteObject                                  lib/pirc_lcd/ugui.o
_UG_DrawObjectFrame                               lib/pirc_lcd/ugui.o
_UG_GetFreeObject                                 lib/pirc_lcd/ugui.o
_UG_HandleEvents                                  lib/pirc_lcd/ugui.o
_UG_ImageUpdate                                   lib/pirc_lcd/ugui.o
_UG_ProcessTouchData                              lib/pirc_lcd/ugui.o
_UG_PutChar                                       lib/pirc_lcd/ugui.o
_UG_PutText                                       lib/pirc_lcd/ugui.o
_UG_SearchObject                                  lib/pirc_lcd/ugui.o
_UG_SendObjectPostrenderEvent                     lib/pirc_lcd/ugui.o
_UG_SendObjectPrerenderEvent                      lib/pirc_lcd/ugui.o
_UG_TextboxUpdate                                 lib/pirc_lcd/ugui.o
_UG_UpdateObjects                                 lib/pirc_lcd/ugui.o
_UG_WindowClear                                   lib/pirc_lcd/ugui.o
_UG_WindowDrawTitle                               lib/pirc_lcd/ugui.o
_UG_WindowUpdate                                  lib/pirc_lcd/ugui.o
__FUSE_REGION_LENGTH__                            /usr/lib/gcc/avr/9.2.0/../../../../avr/lib/avr5/crtatmega328pb.o
__bad_interrupt                                   /usr/lib/gcc/avr/9.2.0/../../../../avr/lib/avr5/crtatmega328pb.o
__bss_end                                         /usr/lib/gcc/avr/9.2.0/avr5/libgcc.a(_clear_bss.o)
__bss_start                                       /usr/lib/gcc/avr/9.2.0/avr5/libgcc.a(_clear_bss.o)
__data_end                                        /usr/lib/gcc/avr/9.2.0/avr5/libgcc.a(_copy_data.o)
__data_load_start                                 /usr/lib/gcc/avr/9.2.0/avr5/libgcc.a(_copy_data.o)
__data_start                                      /usr/lib/gcc/avr/9.2.0/avr5/libgcc.a(_copy_data.o)
__divmodsi4                                       /usr/lib/gcc/avr/9.2.0/avr5/libgcc.a(_divmodsi4.o)
                                                  lib/pirc_lcd/XPT2046.o
__do_clear_bss                                    /usr/lib/gcc/avr/9.2.0/avr5/libgcc.a(_clear_bss.o)
                                                  /usr/lib/gcc/avr/9.2.0/../../../../avr/lib/avr5/libc.a(iob.o)
                                                  lib/pirc_lcd/XPT2046.o
                                                  lib/pirc_lcd/ugui.o
                                                  lib/pirc_lcd/LCD_Ili9341.o
                                                  main.o
__do_copy_data                                    /usr/lib/gcc/avr/9.2.0/avr5/libgcc.a(_copy_data.o)
                                                  lib/pirc_lcd/XPT2046.o
                                                  lib/pirc_lcd/ugui.o
                                                  lib/pirc_lcd/LCD_Ili9341.o
                                                  main.o
                                                  test3.o
                                                  test4.o
                                                  test2.o
                                                  test5.o
__epilogue_restores__                             /usr/lib/gcc/avr/9.2.0/avr5/libgcc.a(_epilogue.o)
                                                  /usr/lib/gcc/avr/9.2.0/../../../../avr/lib/avr5/libc.a(vfprintf_std.o)
                                                  /usr/lib/gcc/avr/9.2.0/../../../../avr/lib/avr5/libc.a(printf.o)
__heap_end                                        /usr/lib/gcc/avr/9.2.0/../../../../avr/lib/avr5/crtatmega328pb.o
__init                                            /usr/lib/gcc/avr/9.2.0/../../../../avr/lib/avr5/crtatmega328pb.o
__iob                                             /usr/lib/gcc/avr/9.2.0/../../../../avr/lib/avr5/libc.a(iob.o)
                                                  /usr/lib/gcc/avr/9.2.0/../../../../avr/lib/avr5/libc.a(puts.o)
                                                  /usr/lib/gcc/avr/9.2.0/../../../../avr/lib/avr5/libc.a(printf.o)
                                                  lib/pirc_lcd/LCD_Ili9341.o
                                                  test3.o
                                                  test2.o
                                                  test5.o
__mulsi3                                          /usr/lib/gcc/avr/9.2.0/avr5/libgcc.a(_mulsi3.o)
                                                  lib/pirc_lcd/XPT2046.o
__muluhisi3                                       /usr/lib/gcc/avr/9.2.0/avr5/libgcc.a(_muluhisi3.o)
                                                  /usr/lib/gcc/avr/9.2.0/avr5/libgcc.a(_mulsi3.o)
__negsi2                                          /usr/lib/gcc/avr/9.2.0/avr5/libgcc.a(_negsi2.o)
                                                  /usr/lib/gcc/avr/9.2.0/avr5/libgcc.a(_divmodsi4.o)
__prologue_saves__                                /usr/lib/gcc/avr/9.2.0/avr5/libgcc.a(_prologue.o)
                                                  /usr/lib/gcc/avr/9.2.0/../../../../avr/lib/avr5/libc.a(vfprintf_std.o)
                                                  /usr/lib/gcc/avr/9.2.0/../../../../avr/lib/avr5/libc.a(printf.o)
__stack                                           /usr/lib/gcc/avr/9.2.0/../../../../avr/lib/avr5/crtatmega328pb.o
__udivmodsi4                                      /usr/lib/gcc/avr/9.2.0/avr5/libgcc.a(_udivmodsi4.o)
                                                  /usr/lib/gcc/avr/9.2.0/avr5/libgcc.a(_divmodsi4.o)
__ultoa_invert                                    /usr/lib/gcc/avr/9.2.0/../../../../avr/lib/avr5/libc.a(ultoa_invert.o)
                                                  /usr/lib/gcc/avr/9.2.0/../../../../avr/lib/avr5/libc.a(vfprintf_std.o)
__umulhisi3                                       /usr/lib/gcc/avr/9.2.0/avr5/libgcc.a(_umulhisi3.o)
                                                  /usr/lib/gcc/avr/9.2.0/avr5/libgcc.a(_muluhisi3.o)
__vector_1                                        test2.o
                                                  /usr/lib/gcc/avr/9.2.0/../../../../avr/lib/avr5/crtatmega328pb.o
__vector_10                                       /usr/lib/gcc/avr/9.2.0/../../../../avr/lib/avr5/crtatmega328pb.o
__vector_11                                       /usr/lib/gcc/avr/9.2.0/../../../../avr/lib/avr5/crtatmega328pb.o
__vector_12                                       /usr/lib/gcc/avr/9.2.0/../../../../avr/lib/avr5/crtatmega328pb.o
__vector_13                                       lib/delay.o
                                                  /usr/lib/gcc/avr/9.2.0/../../../../avr/lib/avr5/crtatmega328pb.o
__vector_14                                       /usr/lib/gcc/avr/9.2.0/../../../../avr/lib/avr5/crtatmega328pb.o
__vector_15                                       /usr/lib/gcc/avr/9.2.0/../../../../avr/lib/avr5/crtatmega328pb.o
__vector_16                                       /usr/lib/gcc/avr/9.2.0/../../../../avr/lib/avr5/crtatmega328pb.o
__vector_17                                       /usr/lib/gcc/avr/9.2.0/../../../../avr/lib/avr5/crtatmega328pb.o
__vector_18                                       /usr/lib/gcc/avr/9.2.0/../../../../avr/lib/avr5/crtatmega328pb.o
__vector_19                                       /usr/lib/gcc/avr/9.2.0/../../../../avr/lib/avr5/crtatmega328pb.o
__vector_2                                        test2.o
                                                  /usr/lib/gcc/avr/9.2.0/../../../../avr/lib/avr5/crtatmega328pb.o
__vector_20                                       /usr/lib/gcc/avr/9.2.0/../../../../avr/lib/avr5/crtatmega328pb.o
__vector_21                                       /usr/lib/gcc/avr/9.2.0/../../../../avr/lib/avr5/crtatmega328pb.o
__vector_22                                       /usr/lib/gcc/avr/9.2.0/../../../../avr/lib/avr5/crtatmega328pb.o
__vector_23                                       /usr/lib/gcc/avr/9.2.0/../../../../avr/lib/avr5/crtatmega328pb.o
__vector_24                                       /usr/lib/gcc/avr/9.2.0/../../../../avr/lib/avr5/crtatmega328pb.o
__vector_25                                       /usr/lib/gcc/avr/9.2.0/../../../../avr/lib/avr5/crtatmega328pb.o
__vector_26                                       /usr/lib/gcc/avr/9.2.0/../../../../avr/lib/avr5/crtatmega328pb.o
__vector_27                                       /usr/lib/gcc/avr/9.2.0/../../../../avr/lib/avr5/crtatmega328pb.o
__vector_28                                       /usr/lib/gcc/avr/9.2.0/../../../../avr/lib/avr5/crtatmega328pb.o
__vector_29                                       /usr/lib/gcc/avr/9.2.0/../../../../avr/lib/avr5/crtatmega328pb.o
__vector_3                                        /usr/lib/gcc/avr/9.2.0/../../../../avr/lib/avr5/crtatmega328pb.o
__vector_30                                       /usr/lib/gcc/avr/9.2.0/../../../../avr/lib/avr5/crtatmega328pb.o
__vector_31                                       /usr/lib/gcc/avr/9.2.0/../../../../avr/lib/avr5/crtatmega328pb.o
__vector_32                                       /usr/lib/gcc/avr/9.2.0/../../../../avr/lib/avr5/crtatmega328pb.o
__vector_33                                       /usr/lib/gcc/avr/9.2.0/../../../../avr/lib/avr5/crtatmega328pb.o
__vector_34                                       /usr/lib/gcc/avr/9.2.0/../../../../avr/lib/avr5/crtatmega328pb.o
__vector_35                                       /usr/lib/gcc/avr/9.2.0/../../../../avr/lib/avr5/crtatmega328pb.o
__vector_36                                       /usr/lib/gcc/avr/9.2.0/../../../../avr/lib/avr5/crtatmega328pb.o
__vector_37                                       /usr/lib/gcc/avr/9.2.0/../../../../avr/lib/avr5/crtatmega328pb.o
__vector_38                                       /usr/lib/gcc/avr/9.2.0/../../../../avr/lib/avr5/crtatmega328pb.o
__vector_39                                       /usr/lib/gcc/avr/9.2.0/../../../../avr/lib/avr5/crtatmega328pb.o
__vector_4                                        /usr/lib/gcc/avr/9.2.0/../../../../avr/lib/avr5/crtatmega328pb.o
__vector_40                                       /usr/lib/gcc/avr/9.2.0/../../../../avr/lib/avr5/crtatmega328pb.o
__vector_41                                       /usr/lib/gcc/avr/9.2.0/../../../../avr/lib/avr5/crtatmega328pb.o
__vector_42                                       /usr/lib/gcc/avr/9.2.0/../../../../avr/lib/avr5/crtatmega328pb.o
__vector_43                                       /usr/lib/gcc/avr/9.2.0/../../../../avr/lib/avr5/crtatmega328pb.o
__vector_44                                       /usr/lib/gcc/avr/9.2.0/../../../../avr/lib/avr5/crtatmega328pb.o
__vector_5                                        /usr/lib/gcc/avr/9.2.0/../../../../avr/lib/avr5/crtatmega328pb.o
__vector_6                                        /usr/lib/gcc/avr/9.2.0/../../../../avr/lib/avr5/crtatmega328pb.o
__vector_7                                        /usr/lib/gcc/avr/9.2.0/../../../../avr/lib/avr5/crtatmega328pb.o
__vector_8                                        /usr/lib/gcc/avr/9.2.0/../../../../avr/lib/avr5/crtatmega328pb.o
__vector_9                                        /usr/lib/gcc/avr/9.2.0/../../../../avr/lib/avr5/crtatmega328pb.o
__vector_default                                  /usr/lib/gcc/avr/9.2.0/../../../../avr/lib/avr5/crtatmega328pb.o
__vectors                                         /usr/lib/gcc/avr/9.2.0/../../../../avr/lib/avr5/crtatmega328pb.o
_cal_dvi                                          lib/pirc_lcd/XPT2046.o
_cal_dvj                                          lib/pirc_lcd/XPT2046.o
_cal_dx                                           lib/pirc_lcd/XPT2046.o
_cal_dy                                           lib/pirc_lcd/XPT2046.o
_cal_vi1                                          lib/pirc_lcd/XPT2046.o
_cal_vj1                                          lib/pirc_lcd/XPT2046.o
_cs_pin                                           lib/pirc_lcd/XPT2046.o
_exit                                             /usr/lib/gcc/avr/9.2.0/avr5/libgcc.a(_exit.o)
_height                                           lib/pirc_lcd/XPT2046.o
_irq_pin                                          lib/pirc_lcd/XPT2046.o
_rot                                              lib/pirc_lcd/XPT2046.o
_width                                            lib/pirc_lcd/XPT2046.o
a                                                 main.o
delay_init                                        lib/delay.o
draw_home_scren                                   test5.o
draw_rect                                         main.o
exit                                              /usr/lib/gcc/avr/9.2.0/avr5/libgcc.a(_exit.o)
                                                  /usr/lib/gcc/avr/9.2.0/../../../../avr/lib/avr5/crtatmega328pb.o
font_8x12R                                        lib/pirc_lcd/ugui.o
font_8x8                                          lib/pirc_lcd/ugui.o
fputc                                             /usr/lib/gcc/avr/9.2.0/../../../../avr/lib/avr5/libc.a(fputc.o)
                                                  /usr/lib/gcc/avr/9.2.0/../../../../avr/lib/avr5/libc.a(vfprintf_std.o)
gpio_init                                         lib/gpio.o
                                                  test1.o
                                                  main.o
                                                  test3.o
                                                  test.o
                                                  test2.o
gpio_read                                         lib/gpio.o
                                                  test3.o
                                                  test2.o
gpio_write                                        lib/gpio.o
                                                  test1.o
                                                  test3.o
                                                  test.o
                                                  test2.o
gui                                               lib/pirc_lcd/LCD_Ili9341.o
io_interrupt_enable                               lib/io_interrupt.o
                                                  test1.o
                                                  test3.o
                                                  test2.o
io_pullup_enable                                  lib/io_interrupt.o
                                                  test1.o
                                                  test3.o
                                                  test2.o
main                                              test5.o
                                                  /usr/lib/gcc/avr/9.2.0/../../../../avr/lib/avr5/crtatmega328pb.o
mutex                                             main.o
osMutexLock                                       main.o
osMutexUnlock                                     main.o
osWait                                            main.o
pal_button_pressed                                lib/pirc_lcd/ugui.o
pal_button_released                               lib/pirc_lcd/ugui.o
pal_checkbox_pressed                              lib/pirc_lcd/ugui.o
pal_checkbox_released                             lib/pirc_lcd/ugui.o
pal_window                                        lib/pirc_lcd/ugui.o
printf                                            /usr/lib/gcc/avr/9.2.0/../../../../avr/lib/avr5/libc.a(printf.o)
                                                  test5.o
puts                                              /usr/lib/gcc/avr/9.2.0/../../../../avr/lib/avr5/libc.a(puts.o)
                                                  main.o
                                                  test3.o
                                                  test4.o
                                                  test2.o
                                                  test5.o
strnlen                                           /usr/lib/gcc/avr/9.2.0/../../../../avr/lib/avr5/libc.a(strnlen.o)
                                                  /usr/lib/gcc/avr/9.2.0/../../../../avr/lib/avr5/libc.a(vfprintf_std.o)
strnlen_P                                         /usr/lib/gcc/avr/9.2.0/../../../../avr/lib/avr5/libc.a(strnlen_P.o)
                                                  /usr/lib/gcc/avr/9.2.0/../../../../avr/lib/avr5/libc.a(vfprintf_std.o)
task08                                            main.o
task09                                            main.o
uart_getchar                                      lib/uart.o
                                                  main.o
                                                  test3.o
                                                  test4.o
                                                  test2.o
                                                  test5.o
uart_init                                         lib/uart.o
                                                  test3.o
                                                  test4.o
                                                  test2.o
                                                  test5.o
uart_input                                        test5.o
uart_output                                       test5.o
uart_putchar                                      lib/uart.o
                                                  main.o
                                                  test3.o
                                                  test4.o
                                                  test2.o
                                                  test5.o
vfprintf                                          /usr/lib/gcc/avr/9.2.0/../../../../avr/lib/avr5/libc.a(vfprintf_std.o)
                                                  /usr/lib/gcc/avr/9.2.0/../../../../avr/lib/avr5/libc.a(printf.o)
window_1_callback                                 test5.o
