   1               		.file	"test4.c"
   2               	__SP_H__ = 0x3e
   3               	__SP_L__ = 0x3d
   4               	__SREG__ = 0x3f
   5               	__tmp_reg__ = 0
   6               	__zero_reg__ = 1
   7               		.text
   8               	.Ltext0:
   9               		.cfi_sections	.debug_frame
  10               		.section	.rodata.str1.1,"aMS",@progbits,1
  11               	.LC0:
  12 0000 4865 6C6C 		.string	"Hello world!!"
  12      6F20 776F 
  12      726C 6421 
  12      2100 
  13               		.section	.text.startup,"ax",@progbits
  14               	.global	main
  16               	main:
  17               	.LFB1:
  18               		.file 1 "test4.c"
   1:test4.c       **** #include <stdio.h>
   2:test4.c       **** #include <stdbool.h>
   3:test4.c       **** #include "lib/uart.h"
   4:test4.c       **** #include "lib/io_interrupt.h"
   5:test4.c       **** #include "lib/gpio.h"
   6:test4.c       **** 
   7:test4.c       **** int main(){
  19               		.loc 1 7 11 view -0
  20               		.cfi_startproc
  21               	/* prologue: function */
  22               	/* frame size = 0 */
  23               	/* stack size = 0 */
  24               	.L__stack_usage = 0
   8:test4.c       ****     uart_init();
  25               		.loc 1 8 5 view .LVU1
  26 0000 0E94 0000 		call uart_init
  27               	.LVL0:
  28               	.L2:
   9:test4.c       ****     //gpio_init();
  10:test4.c       ****     //io_interrupt_enable(0);
  11:test4.c       ****     //io_interrupt_enable(1);
  12:test4.c       ****     
  13:test4.c       ****     while(1)
  29               		.loc 1 13 5 discriminator 1 view .LVU2
  14:test4.c       ****     {
  15:test4.c       ****         printf("Hello world!!\n");
  30               		.loc 1 15 9 discriminator 1 view .LVU3
  31 0004 80E0      		ldi r24,lo8(.LC0)
  32 0006 90E0      		ldi r25,hi8(.LC0)
  33 0008 0E94 0000 		call puts
  34               	.LVL1:
  13:test4.c       ****     {
  35               		.loc 1 13 10 discriminator 1 view .LVU4
  36 000c 00C0      		rjmp .L2
  37               		.cfi_endproc
  38               	.LFE1:
  40               	.global	uart_input
  41               		.data
  44               	uart_input:
  45 0000 0000 00   		.zero	3
  46 0003 01        		.byte	1
  47 0004 0000 0000 		.zero	4
  48 0008 0000      		.word	0
  49 000a 0000      		.word	gs(uart_getchar)
  50 000c 0000      		.word	0
  51               	.global	uart_output
  54               	uart_output:
  55 000e 0000 00   		.zero	3
  56 0011 02        		.byte	2
  57 0012 0000 0000 		.zero	4
  58 0016 0000      		.word	gs(uart_putchar)
  59 0018 0000      		.word	0
  60 001a 0000      		.word	0
  61               		.text
  62               	.Letext0:
  63               		.file 2 "/usr/avr/include/stdio.h"
  64               		.file 3 "/usr/avr/include/stdint.h"
  65               		.file 4 "lib/uart.h"
  66               		.file 5 "<built-in>"
DEFINED SYMBOLS
                            *ABS*:0000000000000000 test4.c
     /tmp/ccNZ8u9x.s:2      *ABS*:000000000000003e __SP_H__
     /tmp/ccNZ8u9x.s:3      *ABS*:000000000000003d __SP_L__
     /tmp/ccNZ8u9x.s:4      *ABS*:000000000000003f __SREG__
     /tmp/ccNZ8u9x.s:5      *ABS*:0000000000000000 __tmp_reg__
     /tmp/ccNZ8u9x.s:6      *ABS*:0000000000000001 __zero_reg__
     /tmp/ccNZ8u9x.s:16     .text.startup:0000000000000000 main
     /tmp/ccNZ8u9x.s:44     .data:0000000000000000 uart_input
     /tmp/ccNZ8u9x.s:54     .data:000000000000000e uart_output

UNDEFINED SYMBOLS
uart_init
puts
uart_getchar
uart_putchar
__do_copy_data
