   1               		.file	"test.c"
   2               	__SP_H__ = 0x3e
   3               	__SP_L__ = 0x3d
   4               	__SREG__ = 0x3f
   5               	__tmp_reg__ = 0
   6               	__zero_reg__ = 1
   7               		.text
   8               	.Ltext0:
   9               		.cfi_sections	.debug_frame
  10               		.section	.text.startup,"ax",@progbits
  11               	.global	main
  13               	main:
  14               	.LFB0:
  15               		.file 1 "test.c"
   1:test.c        **** #include "lib/gpio.h"
   2:test.c        **** 
   3:test.c        **** 
   4:test.c        **** #define DELAY 16000
   5:test.c        **** 
   6:test.c        **** int main()
   7:test.c        **** {
  16               		.loc 1 7 1 view -0
  17               		.cfi_startproc
  18 0000 CDB7      		in r28,__SP_L__
  19 0002 DEB7      		in r29,__SP_H__
  20               	.LCFI0:
  21               		.cfi_def_cfa_register 28
  22 0004 2897      		sbiw r28,8
  23               	.LCFI1:
  24               		.cfi_def_cfa_offset 10
  25 0006 0FB6      		in __tmp_reg__,__SREG__
  26 0008 F894      		cli
  27 000a DEBF      		out __SP_H__,r29
  28 000c 0FBE      		out __SREG__,__tmp_reg__
  29 000e CDBF      		out __SP_L__,r28
  30               	/* prologue: function */
  31               	/* frame size = 8 */
  32               	/* stack size = 8 */
  33               	.L__stack_usage = 8
   8:test.c        ****     gpio_init();
  34               		.loc 1 8 5 view .LVU1
  35 0010 0E94 0000 		call gpio_init
  36               	.LVL0:
  37               	.L6:
   9:test.c        **** 
  10:test.c        ****     while(1)
  38               		.loc 1 10 5 view .LVU2
  11:test.c        ****     {
  12:test.c        ****         gpio_write(1,1);
  39               		.loc 1 12 9 view .LVU3
  40 0014 61E0      		ldi r22,lo8(1)
  41 0016 81E0      		ldi r24,lo8(1)
  42 0018 0E94 0000 		call gpio_write
  43               	.LVL1:
  13:test.c        ****         for (volatile unsigned long i = 0; i < DELAY; i++);
  44               		.loc 1 13 9 view .LVU4
  45               	.LBB2:
  46               		.loc 1 13 14 view .LVU5
  47               		.loc 1 13 37 is_stmt 0 view .LVU6
  48 001c 1D82      		std Y+5,__zero_reg__
  49 001e 1E82      		std Y+6,__zero_reg__
  50 0020 1F82      		std Y+7,__zero_reg__
  51 0022 1886      		std Y+8,__zero_reg__
  52               	.L2:
  53               		.loc 1 13 44 is_stmt 1 discriminator 1 view .LVU7
  54               		.loc 1 13 46 is_stmt 0 discriminator 1 view .LVU8
  55 0024 8D81      		ldd r24,Y+5
  56 0026 9E81      		ldd r25,Y+6
  57 0028 AF81      		ldd r26,Y+7
  58 002a B885      		ldd r27,Y+8
  59               		.loc 1 13 9 discriminator 1 view .LVU9
  60 002c 8038      		cpi r24,-128
  61 002e 9E43      		sbci r25,62
  62 0030 A105      		cpc r26,__zero_reg__
  63 0032 B105      		cpc r27,__zero_reg__
  64 0034 00F0      		brlo .L3
  65               	.LBE2:
  14:test.c        ****         gpio_write(1,0);
  66               		.loc 1 14 9 is_stmt 1 view .LVU10
  67 0036 60E0      		ldi r22,0
  68 0038 81E0      		ldi r24,lo8(1)
  69 003a 0E94 0000 		call gpio_write
  70               	.LVL2:
  15:test.c        ****         for (volatile unsigned long i = 0; i < DELAY; i++);
  71               		.loc 1 15 9 view .LVU11
  72               	.LBB3:
  73               		.loc 1 15 14 view .LVU12
  74               		.loc 1 15 37 is_stmt 0 view .LVU13
  75 003e 1982      		std Y+1,__zero_reg__
  76 0040 1A82      		std Y+2,__zero_reg__
  77 0042 1B82      		std Y+3,__zero_reg__
  78 0044 1C82      		std Y+4,__zero_reg__
  79               	.L4:
  80               		.loc 1 15 44 is_stmt 1 discriminator 1 view .LVU14
  81               		.loc 1 15 46 is_stmt 0 discriminator 1 view .LVU15
  82 0046 8981      		ldd r24,Y+1
  83 0048 9A81      		ldd r25,Y+2
  84 004a AB81      		ldd r26,Y+3
  85 004c BC81      		ldd r27,Y+4
  86               		.loc 1 15 9 discriminator 1 view .LVU16
  87 004e 8038      		cpi r24,-128
  88 0050 9E43      		sbci r25,62
  89 0052 A105      		cpc r26,__zero_reg__
  90 0054 B105      		cpc r27,__zero_reg__
  91 0056 00F4      		brsh .L6
  92               		.loc 1 15 59 is_stmt 1 discriminator 3 view .LVU17
  93               		.loc 1 15 55 discriminator 3 view .LVU18
  94               		.loc 1 15 56 is_stmt 0 discriminator 3 view .LVU19
  95 0058 8981      		ldd r24,Y+1
  96 005a 9A81      		ldd r25,Y+2
  97 005c AB81      		ldd r26,Y+3
  98 005e BC81      		ldd r27,Y+4
  99 0060 0196      		adiw r24,1
 100 0062 A11D      		adc r26,__zero_reg__
 101 0064 B11D      		adc r27,__zero_reg__
 102 0066 8983      		std Y+1,r24
 103 0068 9A83      		std Y+2,r25
 104 006a AB83      		std Y+3,r26
 105 006c BC83      		std Y+4,r27
 106 006e 00C0      		rjmp .L4
 107               	.L3:
 108               	.LBE3:
 109               	.LBB4:
  13:test.c        ****         for (volatile unsigned long i = 0; i < DELAY; i++);
 110               		.loc 1 13 59 is_stmt 1 discriminator 3 view .LVU20
  13:test.c        ****         for (volatile unsigned long i = 0; i < DELAY; i++);
 111               		.loc 1 13 55 discriminator 3 view .LVU21
  13:test.c        ****         for (volatile unsigned long i = 0; i < DELAY; i++);
 112               		.loc 1 13 56 is_stmt 0 discriminator 3 view .LVU22
 113 0070 8D81      		ldd r24,Y+5
 114 0072 9E81      		ldd r25,Y+6
 115 0074 AF81      		ldd r26,Y+7
 116 0076 B885      		ldd r27,Y+8
 117 0078 0196      		adiw r24,1
 118 007a A11D      		adc r26,__zero_reg__
 119 007c B11D      		adc r27,__zero_reg__
 120 007e 8D83      		std Y+5,r24
 121 0080 9E83      		std Y+6,r25
 122 0082 AF83      		std Y+7,r26
 123 0084 B887      		std Y+8,r27
 124 0086 00C0      		rjmp .L2
 125               	.LBE4:
 126               		.cfi_endproc
 127               	.LFE0:
 129               		.text
 130               	.Letext0:
 131               		.file 2 "lib/gpio.h"
DEFINED SYMBOLS
                            *ABS*:0000000000000000 test.c
     /tmp/cctfL92U.s:2      *ABS*:000000000000003e __SP_H__
     /tmp/cctfL92U.s:3      *ABS*:000000000000003d __SP_L__
     /tmp/cctfL92U.s:4      *ABS*:000000000000003f __SREG__
     /tmp/cctfL92U.s:5      *ABS*:0000000000000000 __tmp_reg__
     /tmp/cctfL92U.s:6      *ABS*:0000000000000001 __zero_reg__
     /tmp/cctfL92U.s:13     .text.startup:0000000000000000 main

UNDEFINED SYMBOLS
gpio_init
gpio_write
